---
http_interactions:
- request:
    method: get
    uri: http://localhost:8080/wp-json/wp/v2/custom_taxonomy/2?_embed=true
    body:
      encoding: US-ASCII
      string: ''
    headers:
      User-Agent:
      - Faraday v0.9.2
      Accept-Encoding:
      - gzip;q=1.0,deflate;q=0.6,identity;q=0.3
      Accept:
      - "*/*"
  response:
    status:
      code: 200
      message: OK
    headers:
      Host:
      - localhost:8080
      Connection:
      - close
      X-Powered-By:
      - PHP/5.6.9
      Content-Type:
      - application/json; charset=UTF-8
      X-Content-Type-Options:
      - nosniff
      Access-Control-Expose-Headers:
      - X-WP-Total, X-WP-TotalPages
      Access-Control-Allow-Headers:
      - Authorization
      Allow:
      - GET
    body:
      encoding: UTF-8
      string: '{"id":2,"count":20,"description":"","link":"http:\/\/localhost:8080\/custom_taxonomy\/term_one\/","name":"term_one","slug":"term_one","taxonomy":"custom_taxonomy","_links":{"self":[{"href":"http:\/\/localhost:8080\/wp-json\/wp\/v2\/custom_taxonomy\/2"}],"collection":[{"href":"http:\/\/localhost:8080\/wp-json\/wp\/v2\/custom_taxonomy"}],"about":[{"href":"http:\/\/localhost:8080\/wp-json\/wp\/v2\/taxonomies\/custom_taxonomy"}],"http:\/\/api.w.org\/v2\/post_type":[{"href":"http:\/\/localhost:8080\/wp-json\/wp\/v2\/custom_post_type?custom_taxonomy=2"},{"href":"http:\/\/localhost:8080\/wp-json\/wp\/v2\/posts?custom_taxonomy=2"}]}}'
    http_version: 
  recorded_at: Tue, 01 Mar 2016 13:49:26 GMT
- request:
    method: get
    uri: http://localhost:8080/wp-json/wp/v2/taxonomies/custom_taxonomy?_embed=true
    body:
      encoding: US-ASCII
      string: ''
    headers:
      User-Agent:
      - Faraday v0.9.2
      Accept-Encoding:
      - gzip;q=1.0,deflate;q=0.6,identity;q=0.3
      Accept:
      - "*/*"
  response:
    status:
      code: 200
      message: OK
    headers:
      Host:
      - localhost:8080
      Connection:
      - close
      X-Powered-By:
      - PHP/5.6.9
      Content-Type:
      - application/json; charset=UTF-8
      X-Content-Type-Options:
      - nosniff
      Access-Control-Expose-Headers:
      - X-WP-Total, X-WP-TotalPages
      Access-Control-Allow-Headers:
      - Authorization
      Allow:
      - GET
    body:
      encoding: UTF-8
      string: '{"name":"Custom taxonomy","slug":"custom_taxonomy","description":"","types":["custom_post_type","post"],"hierarchical":false,"_links":{"collection":[{"href":"http:\/\/localhost:8080\/wp-json\/wp\/v2\/taxonomies"}],"https:\/\/api.w.org\/items":[{"href":"http:\/\/localhost:8080\/wp-json\/wp\/v2\/custom_taxonomy"}]}}'
    http_version: 
  recorded_at: Tue, 01 Mar 2016 13:49:26 GMT
- request:
    method: get
    uri: http://localhost:8080/wp-json/wp/v2/posts?_embed=true&custom_taxonomy=2
    body:
      encoding: US-ASCII
      string: ''
    headers:
      User-Agent:
      - Faraday v0.9.2
      Accept-Encoding:
      - gzip;q=1.0,deflate;q=0.6,identity;q=0.3
      Accept:
      - "*/*"
  response:
    status:
      code: 200
      message: OK
    headers:
      Host:
      - localhost:8080
      Connection:
      - close
      X-Powered-By:
      - PHP/5.6.9
      Content-Type:
      - application/json; charset=UTF-8
      X-Content-Type-Options:
      - nosniff
      Access-Control-Expose-Headers:
      - X-WP-Total, X-WP-TotalPages
      Access-Control-Allow-Headers:
      - Authorization
      X-Wp-Total:
      - '101'
      X-Wp-Totalpages:
      - '11'
      Link:
      - <http://localhost:8080/wp-json/wp/v2/posts?_embed=true&custom_taxonomy=2&page=2>;
        rel="next"
      Allow:
      - GET
    body:
      encoding: UTF-8
      string: '[{"id":102,"date":"2016-02-29T22:10:52","date_gmt":"2016-02-29T22:10:52","guid":{"rendered":"http:\/\/localhost:8080\/2016\/02\/29\/post-100\/"},"modified":"2016-02-29T22:10:52","modified_gmt":"2016-02-29T22:10:52","slug":"post-100","type":"post","link":"http:\/\/localhost:8080\/2016\/02\/29\/post-100\/","title":{"rendered":"Post
        100"},"content":{"rendered":""},"excerpt":{"rendered":""},"author":0,"featured_media":0,"comment_status":"open","ping_status":"open","sticky":false,"format":"standard","categories":[1],"tags":[],"custom_taxonomy":[],"_links":{"self":[{"href":"http:\/\/localhost:8080\/wp-json\/wp\/v2\/posts\/102"}],"collection":[{"href":"http:\/\/localhost:8080\/wp-json\/wp\/v2\/posts"}],"about":[{"href":"http:\/\/localhost:8080\/wp-json\/wp\/v2\/types\/post"}],"replies":[{"embeddable":true,"href":"http:\/\/localhost:8080\/wp-json\/wp\/v2\/comments?post=102"}],"version-history":[{"href":"http:\/\/localhost:8080\/wp-json\/wp\/v2\/posts\/102\/revisions"}],"https:\/\/api.w.org\/attachment":[{"href":"http:\/\/localhost:8080\/wp-json\/wp\/v2\/media?parent=102"}],"https:\/\/api.w.org\/term":[{"taxonomy":"category","embeddable":true,"href":"http:\/\/localhost:8080\/wp-json\/wp\/v2\/categories?post=102"},{"taxonomy":"post_tag","embeddable":true,"href":"http:\/\/localhost:8080\/wp-json\/wp\/v2\/tags?post=102"},{"taxonomy":"custom_taxonomy","embeddable":true,"href":"http:\/\/localhost:8080\/wp-json\/wp\/v2\/custom_taxonomy?post=102"}],"https:\/\/api.w.org\/meta":[{"embeddable":true,"href":"http:\/\/localhost:8080\/wp-json\/wp\/v2\/posts\/102\/meta"}]},"_embedded":{"https:\/\/api.w.org\/term":[[{"id":1,"link":"http:\/\/localhost:8080\/category\/uncategorized\/","name":"Uncategorized","slug":"uncategorized","taxonomy":"category","_links":{"self":[{"href":"http:\/\/localhost:8080\/wp-json\/wp\/v2\/categories\/1"}],"collection":[{"href":"http:\/\/localhost:8080\/wp-json\/wp\/v2\/categories"}],"about":[{"href":"http:\/\/localhost:8080\/wp-json\/wp\/v2\/taxonomies\/category"}],"http:\/\/api.w.org\/v2\/post_type":[{"href":"http:\/\/localhost:8080\/wp-json\/wp\/v2\/posts?categories=1"}]}}],[],[]],"https:\/\/api.w.org\/meta":[{"code":"rest_no_route","message":"No
        route was found matching the URL and request method","data":{"status":404}}]}},{"id":101,"date":"2016-02-29T22:10:52","date_gmt":"2016-02-29T22:10:52","guid":{"rendered":"http:\/\/localhost:8080\/2016\/02\/29\/post-99\/"},"modified":"2016-02-29T22:10:52","modified_gmt":"2016-02-29T22:10:52","slug":"post-99","type":"post","link":"http:\/\/localhost:8080\/2016\/02\/29\/post-99\/","title":{"rendered":"Post
        99"},"content":{"rendered":""},"excerpt":{"rendered":""},"author":0,"featured_media":0,"comment_status":"open","ping_status":"open","sticky":false,"format":"standard","categories":[1],"tags":[],"custom_taxonomy":[],"_links":{"self":[{"href":"http:\/\/localhost:8080\/wp-json\/wp\/v2\/posts\/101"}],"collection":[{"href":"http:\/\/localhost:8080\/wp-json\/wp\/v2\/posts"}],"about":[{"href":"http:\/\/localhost:8080\/wp-json\/wp\/v2\/types\/post"}],"replies":[{"embeddable":true,"href":"http:\/\/localhost:8080\/wp-json\/wp\/v2\/comments?post=101"}],"version-history":[{"href":"http:\/\/localhost:8080\/wp-json\/wp\/v2\/posts\/101\/revisions"}],"https:\/\/api.w.org\/attachment":[{"href":"http:\/\/localhost:8080\/wp-json\/wp\/v2\/media?parent=101"}],"https:\/\/api.w.org\/term":[{"taxonomy":"category","embeddable":true,"href":"http:\/\/localhost:8080\/wp-json\/wp\/v2\/categories?post=101"},{"taxonomy":"post_tag","embeddable":true,"href":"http:\/\/localhost:8080\/wp-json\/wp\/v2\/tags?post=101"},{"taxonomy":"custom_taxonomy","embeddable":true,"href":"http:\/\/localhost:8080\/wp-json\/wp\/v2\/custom_taxonomy?post=101"}],"https:\/\/api.w.org\/meta":[{"embeddable":true,"href":"http:\/\/localhost:8080\/wp-json\/wp\/v2\/posts\/101\/meta"}]},"_embedded":{"https:\/\/api.w.org\/term":[[{"id":1,"link":"http:\/\/localhost:8080\/category\/uncategorized\/","name":"Uncategorized","slug":"uncategorized","taxonomy":"category","_links":{"self":[{"href":"http:\/\/localhost:8080\/wp-json\/wp\/v2\/categories\/1"}],"collection":[{"href":"http:\/\/localhost:8080\/wp-json\/wp\/v2\/categories"}],"about":[{"href":"http:\/\/localhost:8080\/wp-json\/wp\/v2\/taxonomies\/category"}],"http:\/\/api.w.org\/v2\/post_type":[{"href":"http:\/\/localhost:8080\/wp-json\/wp\/v2\/posts?categories=1"}]}}],[],[]],"https:\/\/api.w.org\/meta":[{"code":"rest_no_route","message":"No
        route was found matching the URL and request method","data":{"status":404}}]}},{"id":100,"date":"2016-02-29T22:10:52","date_gmt":"2016-02-29T22:10:52","guid":{"rendered":"http:\/\/localhost:8080\/2016\/02\/29\/post-98\/"},"modified":"2016-02-29T22:10:52","modified_gmt":"2016-02-29T22:10:52","slug":"post-98","type":"post","link":"http:\/\/localhost:8080\/2016\/02\/29\/post-98\/","title":{"rendered":"Post
        98"},"content":{"rendered":""},"excerpt":{"rendered":""},"author":0,"featured_media":0,"comment_status":"open","ping_status":"open","sticky":false,"format":"standard","categories":[1],"tags":[],"custom_taxonomy":[2],"_links":{"self":[{"href":"http:\/\/localhost:8080\/wp-json\/wp\/v2\/posts\/100"}],"collection":[{"href":"http:\/\/localhost:8080\/wp-json\/wp\/v2\/posts"}],"about":[{"href":"http:\/\/localhost:8080\/wp-json\/wp\/v2\/types\/post"}],"replies":[{"embeddable":true,"href":"http:\/\/localhost:8080\/wp-json\/wp\/v2\/comments?post=100"}],"version-history":[{"href":"http:\/\/localhost:8080\/wp-json\/wp\/v2\/posts\/100\/revisions"}],"https:\/\/api.w.org\/attachment":[{"href":"http:\/\/localhost:8080\/wp-json\/wp\/v2\/media?parent=100"}],"https:\/\/api.w.org\/term":[{"taxonomy":"category","embeddable":true,"href":"http:\/\/localhost:8080\/wp-json\/wp\/v2\/categories?post=100"},{"taxonomy":"post_tag","embeddable":true,"href":"http:\/\/localhost:8080\/wp-json\/wp\/v2\/tags?post=100"},{"taxonomy":"custom_taxonomy","embeddable":true,"href":"http:\/\/localhost:8080\/wp-json\/wp\/v2\/custom_taxonomy?post=100"}],"https:\/\/api.w.org\/meta":[{"embeddable":true,"href":"http:\/\/localhost:8080\/wp-json\/wp\/v2\/posts\/100\/meta"}]},"_embedded":{"https:\/\/api.w.org\/term":[[{"id":1,"link":"http:\/\/localhost:8080\/category\/uncategorized\/","name":"Uncategorized","slug":"uncategorized","taxonomy":"category","_links":{"self":[{"href":"http:\/\/localhost:8080\/wp-json\/wp\/v2\/categories\/1"}],"collection":[{"href":"http:\/\/localhost:8080\/wp-json\/wp\/v2\/categories"}],"about":[{"href":"http:\/\/localhost:8080\/wp-json\/wp\/v2\/taxonomies\/category"}],"http:\/\/api.w.org\/v2\/post_type":[{"href":"http:\/\/localhost:8080\/wp-json\/wp\/v2\/posts?categories=1"}]}}],[],[{"id":2,"link":"http:\/\/localhost:8080\/custom_taxonomy\/term_one\/","name":"term_one","slug":"term_one","taxonomy":"custom_taxonomy","_links":{"self":[{"href":"http:\/\/localhost:8080\/wp-json\/wp\/v2\/custom_taxonomy\/2"}],"collection":[{"href":"http:\/\/localhost:8080\/wp-json\/wp\/v2\/custom_taxonomy"}],"about":[{"href":"http:\/\/localhost:8080\/wp-json\/wp\/v2\/taxonomies\/custom_taxonomy"}],"http:\/\/api.w.org\/v2\/post_type":[{"href":"http:\/\/localhost:8080\/wp-json\/wp\/v2\/custom_post_type?custom_taxonomy=2"},{"href":"http:\/\/localhost:8080\/wp-json\/wp\/v2\/posts?custom_taxonomy=2"}]}}]],"https:\/\/api.w.org\/meta":[{"code":"rest_no_route","message":"No
        route was found matching the URL and request method","data":{"status":404}}]}},{"id":99,"date":"2016-02-29T22:10:52","date_gmt":"2016-02-29T22:10:52","guid":{"rendered":"http:\/\/localhost:8080\/2016\/02\/29\/post-97\/"},"modified":"2016-02-29T22:10:52","modified_gmt":"2016-02-29T22:10:52","slug":"post-97","type":"post","link":"http:\/\/localhost:8080\/2016\/02\/29\/post-97\/","title":{"rendered":"Post
        97"},"content":{"rendered":""},"excerpt":{"rendered":""},"author":0,"featured_media":0,"comment_status":"open","ping_status":"open","sticky":false,"format":"standard","categories":[1],"tags":[],"custom_taxonomy":[],"_links":{"self":[{"href":"http:\/\/localhost:8080\/wp-json\/wp\/v2\/posts\/99"}],"collection":[{"href":"http:\/\/localhost:8080\/wp-json\/wp\/v2\/posts"}],"about":[{"href":"http:\/\/localhost:8080\/wp-json\/wp\/v2\/types\/post"}],"replies":[{"embeddable":true,"href":"http:\/\/localhost:8080\/wp-json\/wp\/v2\/comments?post=99"}],"version-history":[{"href":"http:\/\/localhost:8080\/wp-json\/wp\/v2\/posts\/99\/revisions"}],"https:\/\/api.w.org\/attachment":[{"href":"http:\/\/localhost:8080\/wp-json\/wp\/v2\/media?parent=99"}],"https:\/\/api.w.org\/term":[{"taxonomy":"category","embeddable":true,"href":"http:\/\/localhost:8080\/wp-json\/wp\/v2\/categories?post=99"},{"taxonomy":"post_tag","embeddable":true,"href":"http:\/\/localhost:8080\/wp-json\/wp\/v2\/tags?post=99"},{"taxonomy":"custom_taxonomy","embeddable":true,"href":"http:\/\/localhost:8080\/wp-json\/wp\/v2\/custom_taxonomy?post=99"}],"https:\/\/api.w.org\/meta":[{"embeddable":true,"href":"http:\/\/localhost:8080\/wp-json\/wp\/v2\/posts\/99\/meta"}]},"_embedded":{"https:\/\/api.w.org\/term":[[{"id":1,"link":"http:\/\/localhost:8080\/category\/uncategorized\/","name":"Uncategorized","slug":"uncategorized","taxonomy":"category","_links":{"self":[{"href":"http:\/\/localhost:8080\/wp-json\/wp\/v2\/categories\/1"}],"collection":[{"href":"http:\/\/localhost:8080\/wp-json\/wp\/v2\/categories"}],"about":[{"href":"http:\/\/localhost:8080\/wp-json\/wp\/v2\/taxonomies\/category"}],"http:\/\/api.w.org\/v2\/post_type":[{"href":"http:\/\/localhost:8080\/wp-json\/wp\/v2\/posts?categories=1"}]}}],[],[]],"https:\/\/api.w.org\/meta":[{"code":"rest_no_route","message":"No
        route was found matching the URL and request method","data":{"status":404}}]}},{"id":98,"date":"2016-02-29T22:10:52","date_gmt":"2016-02-29T22:10:52","guid":{"rendered":"http:\/\/localhost:8080\/2016\/02\/29\/post-96\/"},"modified":"2016-02-29T22:10:52","modified_gmt":"2016-02-29T22:10:52","slug":"post-96","type":"post","link":"http:\/\/localhost:8080\/2016\/02\/29\/post-96\/","title":{"rendered":"Post
        96"},"content":{"rendered":""},"excerpt":{"rendered":""},"author":0,"featured_media":0,"comment_status":"open","ping_status":"open","sticky":false,"format":"standard","categories":[1],"tags":[],"custom_taxonomy":[],"_links":{"self":[{"href":"http:\/\/localhost:8080\/wp-json\/wp\/v2\/posts\/98"}],"collection":[{"href":"http:\/\/localhost:8080\/wp-json\/wp\/v2\/posts"}],"about":[{"href":"http:\/\/localhost:8080\/wp-json\/wp\/v2\/types\/post"}],"replies":[{"embeddable":true,"href":"http:\/\/localhost:8080\/wp-json\/wp\/v2\/comments?post=98"}],"version-history":[{"href":"http:\/\/localhost:8080\/wp-json\/wp\/v2\/posts\/98\/revisions"}],"https:\/\/api.w.org\/attachment":[{"href":"http:\/\/localhost:8080\/wp-json\/wp\/v2\/media?parent=98"}],"https:\/\/api.w.org\/term":[{"taxonomy":"category","embeddable":true,"href":"http:\/\/localhost:8080\/wp-json\/wp\/v2\/categories?post=98"},{"taxonomy":"post_tag","embeddable":true,"href":"http:\/\/localhost:8080\/wp-json\/wp\/v2\/tags?post=98"},{"taxonomy":"custom_taxonomy","embeddable":true,"href":"http:\/\/localhost:8080\/wp-json\/wp\/v2\/custom_taxonomy?post=98"}],"https:\/\/api.w.org\/meta":[{"embeddable":true,"href":"http:\/\/localhost:8080\/wp-json\/wp\/v2\/posts\/98\/meta"}]},"_embedded":{"https:\/\/api.w.org\/term":[[{"id":1,"link":"http:\/\/localhost:8080\/category\/uncategorized\/","name":"Uncategorized","slug":"uncategorized","taxonomy":"category","_links":{"self":[{"href":"http:\/\/localhost:8080\/wp-json\/wp\/v2\/categories\/1"}],"collection":[{"href":"http:\/\/localhost:8080\/wp-json\/wp\/v2\/categories"}],"about":[{"href":"http:\/\/localhost:8080\/wp-json\/wp\/v2\/taxonomies\/category"}],"http:\/\/api.w.org\/v2\/post_type":[{"href":"http:\/\/localhost:8080\/wp-json\/wp\/v2\/posts?categories=1"}]}}],[],[]],"https:\/\/api.w.org\/meta":[{"code":"rest_no_route","message":"No
        route was found matching the URL and request method","data":{"status":404}}]}},{"id":97,"date":"2016-02-29T22:10:52","date_gmt":"2016-02-29T22:10:52","guid":{"rendered":"http:\/\/localhost:8080\/2016\/02\/29\/post-95\/"},"modified":"2016-02-29T22:10:52","modified_gmt":"2016-02-29T22:10:52","slug":"post-95","type":"post","link":"http:\/\/localhost:8080\/2016\/02\/29\/post-95\/","title":{"rendered":"Post
        95"},"content":{"rendered":""},"excerpt":{"rendered":""},"author":0,"featured_media":0,"comment_status":"open","ping_status":"open","sticky":false,"format":"standard","categories":[1],"tags":[],"custom_taxonomy":[],"_links":{"self":[{"href":"http:\/\/localhost:8080\/wp-json\/wp\/v2\/posts\/97"}],"collection":[{"href":"http:\/\/localhost:8080\/wp-json\/wp\/v2\/posts"}],"about":[{"href":"http:\/\/localhost:8080\/wp-json\/wp\/v2\/types\/post"}],"replies":[{"embeddable":true,"href":"http:\/\/localhost:8080\/wp-json\/wp\/v2\/comments?post=97"}],"version-history":[{"href":"http:\/\/localhost:8080\/wp-json\/wp\/v2\/posts\/97\/revisions"}],"https:\/\/api.w.org\/attachment":[{"href":"http:\/\/localhost:8080\/wp-json\/wp\/v2\/media?parent=97"}],"https:\/\/api.w.org\/term":[{"taxonomy":"category","embeddable":true,"href":"http:\/\/localhost:8080\/wp-json\/wp\/v2\/categories?post=97"},{"taxonomy":"post_tag","embeddable":true,"href":"http:\/\/localhost:8080\/wp-json\/wp\/v2\/tags?post=97"},{"taxonomy":"custom_taxonomy","embeddable":true,"href":"http:\/\/localhost:8080\/wp-json\/wp\/v2\/custom_taxonomy?post=97"}],"https:\/\/api.w.org\/meta":[{"embeddable":true,"href":"http:\/\/localhost:8080\/wp-json\/wp\/v2\/posts\/97\/meta"}]},"_embedded":{"https:\/\/api.w.org\/term":[[{"id":1,"link":"http:\/\/localhost:8080\/category\/uncategorized\/","name":"Uncategorized","slug":"uncategorized","taxonomy":"category","_links":{"self":[{"href":"http:\/\/localhost:8080\/wp-json\/wp\/v2\/categories\/1"}],"collection":[{"href":"http:\/\/localhost:8080\/wp-json\/wp\/v2\/categories"}],"about":[{"href":"http:\/\/localhost:8080\/wp-json\/wp\/v2\/taxonomies\/category"}],"http:\/\/api.w.org\/v2\/post_type":[{"href":"http:\/\/localhost:8080\/wp-json\/wp\/v2\/posts?categories=1"}]}}],[],[]],"https:\/\/api.w.org\/meta":[{"code":"rest_no_route","message":"No
        route was found matching the URL and request method","data":{"status":404}}]}},{"id":96,"date":"2016-02-29T22:10:52","date_gmt":"2016-02-29T22:10:52","guid":{"rendered":"http:\/\/localhost:8080\/2016\/02\/29\/post-94\/"},"modified":"2016-02-29T22:10:52","modified_gmt":"2016-02-29T22:10:52","slug":"post-94","type":"post","link":"http:\/\/localhost:8080\/2016\/02\/29\/post-94\/","title":{"rendered":"Post
        94"},"content":{"rendered":""},"excerpt":{"rendered":""},"author":0,"featured_media":0,"comment_status":"open","ping_status":"open","sticky":false,"format":"standard","categories":[1],"tags":[],"custom_taxonomy":[],"_links":{"self":[{"href":"http:\/\/localhost:8080\/wp-json\/wp\/v2\/posts\/96"}],"collection":[{"href":"http:\/\/localhost:8080\/wp-json\/wp\/v2\/posts"}],"about":[{"href":"http:\/\/localhost:8080\/wp-json\/wp\/v2\/types\/post"}],"replies":[{"embeddable":true,"href":"http:\/\/localhost:8080\/wp-json\/wp\/v2\/comments?post=96"}],"version-history":[{"href":"http:\/\/localhost:8080\/wp-json\/wp\/v2\/posts\/96\/revisions"}],"https:\/\/api.w.org\/attachment":[{"href":"http:\/\/localhost:8080\/wp-json\/wp\/v2\/media?parent=96"}],"https:\/\/api.w.org\/term":[{"taxonomy":"category","embeddable":true,"href":"http:\/\/localhost:8080\/wp-json\/wp\/v2\/categories?post=96"},{"taxonomy":"post_tag","embeddable":true,"href":"http:\/\/localhost:8080\/wp-json\/wp\/v2\/tags?post=96"},{"taxonomy":"custom_taxonomy","embeddable":true,"href":"http:\/\/localhost:8080\/wp-json\/wp\/v2\/custom_taxonomy?post=96"}],"https:\/\/api.w.org\/meta":[{"embeddable":true,"href":"http:\/\/localhost:8080\/wp-json\/wp\/v2\/posts\/96\/meta"}]},"_embedded":{"https:\/\/api.w.org\/term":[[{"id":1,"link":"http:\/\/localhost:8080\/category\/uncategorized\/","name":"Uncategorized","slug":"uncategorized","taxonomy":"category","_links":{"self":[{"href":"http:\/\/localhost:8080\/wp-json\/wp\/v2\/categories\/1"}],"collection":[{"href":"http:\/\/localhost:8080\/wp-json\/wp\/v2\/categories"}],"about":[{"href":"http:\/\/localhost:8080\/wp-json\/wp\/v2\/taxonomies\/category"}],"http:\/\/api.w.org\/v2\/post_type":[{"href":"http:\/\/localhost:8080\/wp-json\/wp\/v2\/posts?categories=1"}]}}],[],[]],"https:\/\/api.w.org\/meta":[{"code":"rest_no_route","message":"No
        route was found matching the URL and request method","data":{"status":404}}]}},{"id":95,"date":"2016-02-29T22:10:52","date_gmt":"2016-02-29T22:10:52","guid":{"rendered":"http:\/\/localhost:8080\/2016\/02\/29\/post-93\/"},"modified":"2016-02-29T22:10:52","modified_gmt":"2016-02-29T22:10:52","slug":"post-93","type":"post","link":"http:\/\/localhost:8080\/2016\/02\/29\/post-93\/","title":{"rendered":"Post
        93"},"content":{"rendered":""},"excerpt":{"rendered":""},"author":0,"featured_media":0,"comment_status":"open","ping_status":"open","sticky":false,"format":"standard","categories":[1],"tags":[],"custom_taxonomy":[],"_links":{"self":[{"href":"http:\/\/localhost:8080\/wp-json\/wp\/v2\/posts\/95"}],"collection":[{"href":"http:\/\/localhost:8080\/wp-json\/wp\/v2\/posts"}],"about":[{"href":"http:\/\/localhost:8080\/wp-json\/wp\/v2\/types\/post"}],"replies":[{"embeddable":true,"href":"http:\/\/localhost:8080\/wp-json\/wp\/v2\/comments?post=95"}],"version-history":[{"href":"http:\/\/localhost:8080\/wp-json\/wp\/v2\/posts\/95\/revisions"}],"https:\/\/api.w.org\/attachment":[{"href":"http:\/\/localhost:8080\/wp-json\/wp\/v2\/media?parent=95"}],"https:\/\/api.w.org\/term":[{"taxonomy":"category","embeddable":true,"href":"http:\/\/localhost:8080\/wp-json\/wp\/v2\/categories?post=95"},{"taxonomy":"post_tag","embeddable":true,"href":"http:\/\/localhost:8080\/wp-json\/wp\/v2\/tags?post=95"},{"taxonomy":"custom_taxonomy","embeddable":true,"href":"http:\/\/localhost:8080\/wp-json\/wp\/v2\/custom_taxonomy?post=95"}],"https:\/\/api.w.org\/meta":[{"embeddable":true,"href":"http:\/\/localhost:8080\/wp-json\/wp\/v2\/posts\/95\/meta"}]},"_embedded":{"https:\/\/api.w.org\/term":[[{"id":1,"link":"http:\/\/localhost:8080\/category\/uncategorized\/","name":"Uncategorized","slug":"uncategorized","taxonomy":"category","_links":{"self":[{"href":"http:\/\/localhost:8080\/wp-json\/wp\/v2\/categories\/1"}],"collection":[{"href":"http:\/\/localhost:8080\/wp-json\/wp\/v2\/categories"}],"about":[{"href":"http:\/\/localhost:8080\/wp-json\/wp\/v2\/taxonomies\/category"}],"http:\/\/api.w.org\/v2\/post_type":[{"href":"http:\/\/localhost:8080\/wp-json\/wp\/v2\/posts?categories=1"}]}}],[],[]],"https:\/\/api.w.org\/meta":[{"code":"rest_no_route","message":"No
        route was found matching the URL and request method","data":{"status":404}}]}},{"id":94,"date":"2016-02-29T22:10:52","date_gmt":"2016-02-29T22:10:52","guid":{"rendered":"http:\/\/localhost:8080\/2016\/02\/29\/post-92\/"},"modified":"2016-02-29T22:10:52","modified_gmt":"2016-02-29T22:10:52","slug":"post-92","type":"post","link":"http:\/\/localhost:8080\/2016\/02\/29\/post-92\/","title":{"rendered":"Post
        92"},"content":{"rendered":""},"excerpt":{"rendered":""},"author":0,"featured_media":0,"comment_status":"open","ping_status":"open","sticky":false,"format":"standard","categories":[1],"tags":[],"custom_taxonomy":[],"_links":{"self":[{"href":"http:\/\/localhost:8080\/wp-json\/wp\/v2\/posts\/94"}],"collection":[{"href":"http:\/\/localhost:8080\/wp-json\/wp\/v2\/posts"}],"about":[{"href":"http:\/\/localhost:8080\/wp-json\/wp\/v2\/types\/post"}],"replies":[{"embeddable":true,"href":"http:\/\/localhost:8080\/wp-json\/wp\/v2\/comments?post=94"}],"version-history":[{"href":"http:\/\/localhost:8080\/wp-json\/wp\/v2\/posts\/94\/revisions"}],"https:\/\/api.w.org\/attachment":[{"href":"http:\/\/localhost:8080\/wp-json\/wp\/v2\/media?parent=94"}],"https:\/\/api.w.org\/term":[{"taxonomy":"category","embeddable":true,"href":"http:\/\/localhost:8080\/wp-json\/wp\/v2\/categories?post=94"},{"taxonomy":"post_tag","embeddable":true,"href":"http:\/\/localhost:8080\/wp-json\/wp\/v2\/tags?post=94"},{"taxonomy":"custom_taxonomy","embeddable":true,"href":"http:\/\/localhost:8080\/wp-json\/wp\/v2\/custom_taxonomy?post=94"}],"https:\/\/api.w.org\/meta":[{"embeddable":true,"href":"http:\/\/localhost:8080\/wp-json\/wp\/v2\/posts\/94\/meta"}]},"_embedded":{"https:\/\/api.w.org\/term":[[{"id":1,"link":"http:\/\/localhost:8080\/category\/uncategorized\/","name":"Uncategorized","slug":"uncategorized","taxonomy":"category","_links":{"self":[{"href":"http:\/\/localhost:8080\/wp-json\/wp\/v2\/categories\/1"}],"collection":[{"href":"http:\/\/localhost:8080\/wp-json\/wp\/v2\/categories"}],"about":[{"href":"http:\/\/localhost:8080\/wp-json\/wp\/v2\/taxonomies\/category"}],"http:\/\/api.w.org\/v2\/post_type":[{"href":"http:\/\/localhost:8080\/wp-json\/wp\/v2\/posts?categories=1"}]}}],[],[]],"https:\/\/api.w.org\/meta":[{"code":"rest_no_route","message":"No
        route was found matching the URL and request method","data":{"status":404}}]}},{"id":93,"date":"2016-02-29T22:10:52","date_gmt":"2016-02-29T22:10:52","guid":{"rendered":"http:\/\/localhost:8080\/2016\/02\/29\/post-91\/"},"modified":"2016-02-29T22:10:52","modified_gmt":"2016-02-29T22:10:52","slug":"post-91","type":"post","link":"http:\/\/localhost:8080\/2016\/02\/29\/post-91\/","title":{"rendered":"Post
        91"},"content":{"rendered":""},"excerpt":{"rendered":""},"author":0,"featured_media":0,"comment_status":"open","ping_status":"open","sticky":false,"format":"standard","categories":[1],"tags":[],"custom_taxonomy":[],"_links":{"self":[{"href":"http:\/\/localhost:8080\/wp-json\/wp\/v2\/posts\/93"}],"collection":[{"href":"http:\/\/localhost:8080\/wp-json\/wp\/v2\/posts"}],"about":[{"href":"http:\/\/localhost:8080\/wp-json\/wp\/v2\/types\/post"}],"replies":[{"embeddable":true,"href":"http:\/\/localhost:8080\/wp-json\/wp\/v2\/comments?post=93"}],"version-history":[{"href":"http:\/\/localhost:8080\/wp-json\/wp\/v2\/posts\/93\/revisions"}],"https:\/\/api.w.org\/attachment":[{"href":"http:\/\/localhost:8080\/wp-json\/wp\/v2\/media?parent=93"}],"https:\/\/api.w.org\/term":[{"taxonomy":"category","embeddable":true,"href":"http:\/\/localhost:8080\/wp-json\/wp\/v2\/categories?post=93"},{"taxonomy":"post_tag","embeddable":true,"href":"http:\/\/localhost:8080\/wp-json\/wp\/v2\/tags?post=93"},{"taxonomy":"custom_taxonomy","embeddable":true,"href":"http:\/\/localhost:8080\/wp-json\/wp\/v2\/custom_taxonomy?post=93"}],"https:\/\/api.w.org\/meta":[{"embeddable":true,"href":"http:\/\/localhost:8080\/wp-json\/wp\/v2\/posts\/93\/meta"}]},"_embedded":{"https:\/\/api.w.org\/term":[[{"id":1,"link":"http:\/\/localhost:8080\/category\/uncategorized\/","name":"Uncategorized","slug":"uncategorized","taxonomy":"category","_links":{"self":[{"href":"http:\/\/localhost:8080\/wp-json\/wp\/v2\/categories\/1"}],"collection":[{"href":"http:\/\/localhost:8080\/wp-json\/wp\/v2\/categories"}],"about":[{"href":"http:\/\/localhost:8080\/wp-json\/wp\/v2\/taxonomies\/category"}],"http:\/\/api.w.org\/v2\/post_type":[{"href":"http:\/\/localhost:8080\/wp-json\/wp\/v2\/posts?categories=1"}]}}],[],[]],"https:\/\/api.w.org\/meta":[{"code":"rest_no_route","message":"No
        route was found matching the URL and request method","data":{"status":404}}]}}]'
    http_version: 
  recorded_at: Tue, 01 Mar 2016 13:49:26 GMT
- request:
    method: get
    uri: http://localhost:8080/wp-json/wp/v2/custom_post_type?_embed=true&custom_taxonomy=2
    body:
      encoding: US-ASCII
      string: ''
    headers:
      User-Agent:
      - Faraday v0.9.2
      Accept-Encoding:
      - gzip;q=1.0,deflate;q=0.6,identity;q=0.3
      Accept:
      - "*/*"
  response:
    status:
      code: 200
      message: OK
    headers:
      Host:
      - localhost:8080
      Connection:
      - close
      X-Powered-By:
      - PHP/5.6.9
      Content-Type:
      - application/json; charset=UTF-8
      X-Content-Type-Options:
      - nosniff
      Access-Control-Expose-Headers:
      - X-WP-Total, X-WP-TotalPages
      Access-Control-Allow-Headers:
      - Authorization
      X-Wp-Total:
      - '100'
      X-Wp-Totalpages:
      - '10'
      Link:
      - <http://localhost:8080/wp-json/wp/v2/custom_post_type?_embed=true&custom_taxonomy=2&page=2>;
        rel="next"
      Allow:
      - GET
    body:
      encoding: UTF-8
      string: '[{"id":202,"date":"2016-02-29T22:10:54","date_gmt":"2016-02-29T22:10:54","guid":{"rendered":"http:\/\/localhost:8080\/custom_post_type\/post-99\/"},"modified":"2016-02-29T22:10:54","modified_gmt":"2016-02-29T22:10:54","slug":"post-99","type":"custom_post_type","link":"http:\/\/localhost:8080\/custom_post_type\/post-99\/","title":{"rendered":"Custom
        Post Type 99"},"content":{"rendered":""},"custom_taxonomy":[],"_links":{"self":[{"href":"http:\/\/localhost:8080\/wp-json\/wp\/v2\/custom_post_type\/202"}],"collection":[{"href":"http:\/\/localhost:8080\/wp-json\/wp\/v2\/custom_post_type"}],"about":[{"href":"http:\/\/localhost:8080\/wp-json\/wp\/v2\/types\/custom_post_type"}],"https:\/\/api.w.org\/attachment":[{"href":"http:\/\/localhost:8080\/wp-json\/wp\/v2\/media?parent=202"}],"https:\/\/api.w.org\/term":[{"taxonomy":"custom_taxonomy","embeddable":true,"href":"http:\/\/localhost:8080\/wp-json\/wp\/v2\/custom_taxonomy?post=202"}]}},{"id":201,"date":"2016-02-29T22:10:54","date_gmt":"2016-02-29T22:10:54","guid":{"rendered":"http:\/\/localhost:8080\/custom_post_type\/post-98\/"},"modified":"2016-02-29T22:10:54","modified_gmt":"2016-02-29T22:10:54","slug":"post-98","type":"custom_post_type","link":"http:\/\/localhost:8080\/custom_post_type\/post-98\/","title":{"rendered":"Custom
        Post Type 98"},"content":{"rendered":""},"custom_taxonomy":[],"_links":{"self":[{"href":"http:\/\/localhost:8080\/wp-json\/wp\/v2\/custom_post_type\/201"}],"collection":[{"href":"http:\/\/localhost:8080\/wp-json\/wp\/v2\/custom_post_type"}],"about":[{"href":"http:\/\/localhost:8080\/wp-json\/wp\/v2\/types\/custom_post_type"}],"https:\/\/api.w.org\/attachment":[{"href":"http:\/\/localhost:8080\/wp-json\/wp\/v2\/media?parent=201"}],"https:\/\/api.w.org\/term":[{"taxonomy":"custom_taxonomy","embeddable":true,"href":"http:\/\/localhost:8080\/wp-json\/wp\/v2\/custom_taxonomy?post=201"}]}},{"id":200,"date":"2016-02-29T22:10:54","date_gmt":"2016-02-29T22:10:54","guid":{"rendered":"http:\/\/localhost:8080\/custom_post_type\/post-97\/"},"modified":"2016-02-29T22:10:54","modified_gmt":"2016-02-29T22:10:54","slug":"post-97","type":"custom_post_type","link":"http:\/\/localhost:8080\/custom_post_type\/post-97\/","title":{"rendered":"Custom
        Post Type 97"},"content":{"rendered":""},"custom_taxonomy":[2],"_links":{"self":[{"href":"http:\/\/localhost:8080\/wp-json\/wp\/v2\/custom_post_type\/200"}],"collection":[{"href":"http:\/\/localhost:8080\/wp-json\/wp\/v2\/custom_post_type"}],"about":[{"href":"http:\/\/localhost:8080\/wp-json\/wp\/v2\/types\/custom_post_type"}],"https:\/\/api.w.org\/attachment":[{"href":"http:\/\/localhost:8080\/wp-json\/wp\/v2\/media?parent=200"}],"https:\/\/api.w.org\/term":[{"taxonomy":"custom_taxonomy","embeddable":true,"href":"http:\/\/localhost:8080\/wp-json\/wp\/v2\/custom_taxonomy?post=200"}]},"_embedded":{"https:\/\/api.w.org\/term":[[{"id":2,"link":"http:\/\/localhost:8080\/custom_taxonomy\/term_one\/","name":"term_one","slug":"term_one","taxonomy":"custom_taxonomy","_links":{"self":[{"href":"http:\/\/localhost:8080\/wp-json\/wp\/v2\/custom_taxonomy\/2"}],"collection":[{"href":"http:\/\/localhost:8080\/wp-json\/wp\/v2\/custom_taxonomy"}],"about":[{"href":"http:\/\/localhost:8080\/wp-json\/wp\/v2\/taxonomies\/custom_taxonomy"}],"http:\/\/api.w.org\/v2\/post_type":[{"href":"http:\/\/localhost:8080\/wp-json\/wp\/v2\/custom_post_type?custom_taxonomy=2"},{"href":"http:\/\/localhost:8080\/wp-json\/wp\/v2\/posts?custom_taxonomy=2"}]}}]]}},{"id":199,"date":"2016-02-29T22:10:54","date_gmt":"2016-02-29T22:10:54","guid":{"rendered":"http:\/\/localhost:8080\/custom_post_type\/post-96\/"},"modified":"2016-02-29T22:10:54","modified_gmt":"2016-02-29T22:10:54","slug":"post-96","type":"custom_post_type","link":"http:\/\/localhost:8080\/custom_post_type\/post-96\/","title":{"rendered":"Custom
        Post Type 96"},"content":{"rendered":""},"custom_taxonomy":[],"_links":{"self":[{"href":"http:\/\/localhost:8080\/wp-json\/wp\/v2\/custom_post_type\/199"}],"collection":[{"href":"http:\/\/localhost:8080\/wp-json\/wp\/v2\/custom_post_type"}],"about":[{"href":"http:\/\/localhost:8080\/wp-json\/wp\/v2\/types\/custom_post_type"}],"https:\/\/api.w.org\/attachment":[{"href":"http:\/\/localhost:8080\/wp-json\/wp\/v2\/media?parent=199"}],"https:\/\/api.w.org\/term":[{"taxonomy":"custom_taxonomy","embeddable":true,"href":"http:\/\/localhost:8080\/wp-json\/wp\/v2\/custom_taxonomy?post=199"}]}},{"id":198,"date":"2016-02-29T22:10:54","date_gmt":"2016-02-29T22:10:54","guid":{"rendered":"http:\/\/localhost:8080\/custom_post_type\/post-95\/"},"modified":"2016-02-29T22:10:54","modified_gmt":"2016-02-29T22:10:54","slug":"post-95","type":"custom_post_type","link":"http:\/\/localhost:8080\/custom_post_type\/post-95\/","title":{"rendered":"Custom
        Post Type 95"},"content":{"rendered":""},"custom_taxonomy":[],"_links":{"self":[{"href":"http:\/\/localhost:8080\/wp-json\/wp\/v2\/custom_post_type\/198"}],"collection":[{"href":"http:\/\/localhost:8080\/wp-json\/wp\/v2\/custom_post_type"}],"about":[{"href":"http:\/\/localhost:8080\/wp-json\/wp\/v2\/types\/custom_post_type"}],"https:\/\/api.w.org\/attachment":[{"href":"http:\/\/localhost:8080\/wp-json\/wp\/v2\/media?parent=198"}],"https:\/\/api.w.org\/term":[{"taxonomy":"custom_taxonomy","embeddable":true,"href":"http:\/\/localhost:8080\/wp-json\/wp\/v2\/custom_taxonomy?post=198"}]}},{"id":197,"date":"2016-02-29T22:10:54","date_gmt":"2016-02-29T22:10:54","guid":{"rendered":"http:\/\/localhost:8080\/custom_post_type\/post-94\/"},"modified":"2016-02-29T22:10:54","modified_gmt":"2016-02-29T22:10:54","slug":"post-94","type":"custom_post_type","link":"http:\/\/localhost:8080\/custom_post_type\/post-94\/","title":{"rendered":"Custom
        Post Type 94"},"content":{"rendered":""},"custom_taxonomy":[],"_links":{"self":[{"href":"http:\/\/localhost:8080\/wp-json\/wp\/v2\/custom_post_type\/197"}],"collection":[{"href":"http:\/\/localhost:8080\/wp-json\/wp\/v2\/custom_post_type"}],"about":[{"href":"http:\/\/localhost:8080\/wp-json\/wp\/v2\/types\/custom_post_type"}],"https:\/\/api.w.org\/attachment":[{"href":"http:\/\/localhost:8080\/wp-json\/wp\/v2\/media?parent=197"}],"https:\/\/api.w.org\/term":[{"taxonomy":"custom_taxonomy","embeddable":true,"href":"http:\/\/localhost:8080\/wp-json\/wp\/v2\/custom_taxonomy?post=197"}]}},{"id":196,"date":"2016-02-29T22:10:54","date_gmt":"2016-02-29T22:10:54","guid":{"rendered":"http:\/\/localhost:8080\/custom_post_type\/post-93\/"},"modified":"2016-02-29T22:10:54","modified_gmt":"2016-02-29T22:10:54","slug":"post-93","type":"custom_post_type","link":"http:\/\/localhost:8080\/custom_post_type\/post-93\/","title":{"rendered":"Custom
        Post Type 93"},"content":{"rendered":""},"custom_taxonomy":[],"_links":{"self":[{"href":"http:\/\/localhost:8080\/wp-json\/wp\/v2\/custom_post_type\/196"}],"collection":[{"href":"http:\/\/localhost:8080\/wp-json\/wp\/v2\/custom_post_type"}],"about":[{"href":"http:\/\/localhost:8080\/wp-json\/wp\/v2\/types\/custom_post_type"}],"https:\/\/api.w.org\/attachment":[{"href":"http:\/\/localhost:8080\/wp-json\/wp\/v2\/media?parent=196"}],"https:\/\/api.w.org\/term":[{"taxonomy":"custom_taxonomy","embeddable":true,"href":"http:\/\/localhost:8080\/wp-json\/wp\/v2\/custom_taxonomy?post=196"}]}},{"id":195,"date":"2016-02-29T22:10:54","date_gmt":"2016-02-29T22:10:54","guid":{"rendered":"http:\/\/localhost:8080\/custom_post_type\/post-92\/"},"modified":"2016-02-29T22:10:54","modified_gmt":"2016-02-29T22:10:54","slug":"post-92","type":"custom_post_type","link":"http:\/\/localhost:8080\/custom_post_type\/post-92\/","title":{"rendered":"Custom
        Post Type 92"},"content":{"rendered":""},"custom_taxonomy":[],"_links":{"self":[{"href":"http:\/\/localhost:8080\/wp-json\/wp\/v2\/custom_post_type\/195"}],"collection":[{"href":"http:\/\/localhost:8080\/wp-json\/wp\/v2\/custom_post_type"}],"about":[{"href":"http:\/\/localhost:8080\/wp-json\/wp\/v2\/types\/custom_post_type"}],"https:\/\/api.w.org\/attachment":[{"href":"http:\/\/localhost:8080\/wp-json\/wp\/v2\/media?parent=195"}],"https:\/\/api.w.org\/term":[{"taxonomy":"custom_taxonomy","embeddable":true,"href":"http:\/\/localhost:8080\/wp-json\/wp\/v2\/custom_taxonomy?post=195"}]}},{"id":194,"date":"2016-02-29T22:10:54","date_gmt":"2016-02-29T22:10:54","guid":{"rendered":"http:\/\/localhost:8080\/custom_post_type\/post-91\/"},"modified":"2016-02-29T22:10:54","modified_gmt":"2016-02-29T22:10:54","slug":"post-91","type":"custom_post_type","link":"http:\/\/localhost:8080\/custom_post_type\/post-91\/","title":{"rendered":"Custom
        Post Type 91"},"content":{"rendered":""},"custom_taxonomy":[],"_links":{"self":[{"href":"http:\/\/localhost:8080\/wp-json\/wp\/v2\/custom_post_type\/194"}],"collection":[{"href":"http:\/\/localhost:8080\/wp-json\/wp\/v2\/custom_post_type"}],"about":[{"href":"http:\/\/localhost:8080\/wp-json\/wp\/v2\/types\/custom_post_type"}],"https:\/\/api.w.org\/attachment":[{"href":"http:\/\/localhost:8080\/wp-json\/wp\/v2\/media?parent=194"}],"https:\/\/api.w.org\/term":[{"taxonomy":"custom_taxonomy","embeddable":true,"href":"http:\/\/localhost:8080\/wp-json\/wp\/v2\/custom_taxonomy?post=194"}]}},{"id":193,"date":"2016-02-29T22:10:54","date_gmt":"2016-02-29T22:10:54","guid":{"rendered":"http:\/\/localhost:8080\/custom_post_type\/post-90\/"},"modified":"2016-02-29T22:10:54","modified_gmt":"2016-02-29T22:10:54","slug":"post-90","type":"custom_post_type","link":"http:\/\/localhost:8080\/custom_post_type\/post-90\/","title":{"rendered":"Custom
        Post Type 90"},"content":{"rendered":""},"custom_taxonomy":[],"_links":{"self":[{"href":"http:\/\/localhost:8080\/wp-json\/wp\/v2\/custom_post_type\/193"}],"collection":[{"href":"http:\/\/localhost:8080\/wp-json\/wp\/v2\/custom_post_type"}],"about":[{"href":"http:\/\/localhost:8080\/wp-json\/wp\/v2\/types\/custom_post_type"}],"https:\/\/api.w.org\/attachment":[{"href":"http:\/\/localhost:8080\/wp-json\/wp\/v2\/media?parent=193"}],"https:\/\/api.w.org\/term":[{"taxonomy":"custom_taxonomy","embeddable":true,"href":"http:\/\/localhost:8080\/wp-json\/wp\/v2\/custom_taxonomy?post=193"}]}}]'
    http_version: 
  recorded_at: Tue, 01 Mar 2016 13:49:27 GMT
recorded_with: VCR 3.0.1
