---
http_interactions:
- request:
    method: get
    uri: http://localhost:8080/wp-json/wp/v2/categories/1?_embed=true
    body:
      encoding: US-ASCII
      string: ''
    headers:
      User-Agent:
      - Faraday v0.11.0
      Expect:
      - ''
  response:
    status:
      code: 200
      message: OK
    headers:
      Host:
      - localhost:8080
      Connection:
      - close
      X-Powered-By:
      - PHP/5.6.26
      Content-Type:
      - application/json; charset=UTF-8
      X-Robots-Tag:
      - noindex
      Link:
      - <http://localhost:8080/wp-json/>; rel="https://api.w.org/"
      X-Content-Type-Options:
      - nosniff
      Access-Control-Expose-Headers:
      - X-WP-Total, X-WP-TotalPages
      Access-Control-Allow-Headers:
      - Authorization, Content-Type
      Allow:
      - GET
    body:
      encoding: UTF-8
      string: '{"id":1,"count":101,"description":"","link":"http:\/\/localhost:8080\/category\/uncategorized\/","name":"Uncategorized","slug":"uncategorized","taxonomy":"category","parent":0,"meta":[],"_links":{"self":[{"href":"http:\/\/localhost:8080\/wp-json\/wp\/v2\/categories\/1"}],"collection":[{"href":"http:\/\/localhost:8080\/wp-json\/wp\/v2\/categories"}],"about":[{"href":"http:\/\/localhost:8080\/wp-json\/wp\/v2\/taxonomies\/category"}],"wp:post_type":[{"href":"http:\/\/localhost:8080\/wp-json\/wp\/v2\/posts?categories=1"}],"curies":[{"name":"wp","href":"https:\/\/api.w.org\/{rel}","templated":true}]}}'
    http_version: 
  recorded_at: Mon, 20 Feb 2017 22:16:44 GMT
- request:
    method: get
    uri: http://localhost:8080/wp-json/wp/v2/posts?_embed=true&categories=1
    body:
      encoding: US-ASCII
      string: ''
    headers:
      User-Agent:
      - Faraday v0.11.0
      Expect:
      - ''
  response:
    status:
      code: 200
      message: OK
    headers:
      Host:
      - localhost:8080
      Connection:
      - close
      X-Powered-By:
      - PHP/5.6.26
      Content-Type:
      - application/json; charset=UTF-8
      X-Robots-Tag:
      - noindex
      X-Content-Type-Options:
      - nosniff
      Access-Control-Expose-Headers:
      - X-WP-Total, X-WP-TotalPages
      Access-Control-Allow-Headers:
      - Authorization, Content-Type
      X-Wp-Total:
      - '101'
      X-Wp-Totalpages:
      - '11'
      Link:
      - <http://localhost:8080/wp-json/wp/v2/posts?_embed=true&categories%5B0%5D=1&page=2>;
        rel="next"
      Allow:
      - GET
    body:
      encoding: UTF-8
      string: '[{"id":16,"date":"2016-03-30T00:20:02","date_gmt":"2016-03-30T00:20:02","guid":{"rendered":"http:\/\/localhost:8080\/%post%\/"},"modified":"2016-03-30T00:20:02","modified_gmt":"2016-03-30T00:20:02","slug":"post-14","type":"post","link":"http:\/\/localhost:8080\/%post%\/","title":{"rendered":"Post
        14"},"content":{"rendered":"","protected":false},"excerpt":{"rendered":"","protected":false},"author":0,"featured_media":0,"comment_status":"open","ping_status":"open","sticky":false,"template":"","format":"standard","meta":[],"categories":[1],"tags":[],"custom_taxonomy":[],"_links":{"self":[{"href":"http:\/\/localhost:8080\/wp-json\/wp\/v2\/posts\/16"}],"collection":[{"href":"http:\/\/localhost:8080\/wp-json\/wp\/v2\/posts"}],"about":[{"href":"http:\/\/localhost:8080\/wp-json\/wp\/v2\/types\/post"}],"replies":[{"embeddable":true,"href":"http:\/\/localhost:8080\/wp-json\/wp\/v2\/comments?post=16"}],"version-history":[{"href":"http:\/\/localhost:8080\/wp-json\/wp\/v2\/posts\/16\/revisions"}],"wp:attachment":[{"href":"http:\/\/localhost:8080\/wp-json\/wp\/v2\/media?parent=16"}],"wp:term":[{"taxonomy":"category","embeddable":true,"href":"http:\/\/localhost:8080\/wp-json\/wp\/v2\/categories?post=16"},{"taxonomy":"post_tag","embeddable":true,"href":"http:\/\/localhost:8080\/wp-json\/wp\/v2\/tags?post=16"},{"taxonomy":"custom_taxonomy","embeddable":true,"href":"http:\/\/localhost:8080\/wp-json\/wp\/v2\/custom_taxonomy?post=16"}],"wp:meta":[{"embeddable":true,"href":"http:\/\/localhost:8080\/wp-json\/wp\/v2\/posts\/16\/meta"}],"curies":[{"name":"wp","href":"https:\/\/api.w.org\/{rel}","templated":true}]},"_embedded":{"wp:term":[[{"id":1,"link":"http:\/\/localhost:8080\/category\/uncategorized\/","name":"Uncategorized","slug":"uncategorized","taxonomy":"category","_links":{"self":[{"href":"http:\/\/localhost:8080\/wp-json\/wp\/v2\/categories\/1"}],"collection":[{"href":"http:\/\/localhost:8080\/wp-json\/wp\/v2\/categories"}],"about":[{"href":"http:\/\/localhost:8080\/wp-json\/wp\/v2\/taxonomies\/category"}],"wp:post_type":[{"href":"http:\/\/localhost:8080\/wp-json\/wp\/v2\/posts?categories=1"}],"curies":[{"name":"wp","href":"https:\/\/api.w.org\/{rel}","templated":true}]}}],[],[]],"wp:meta":[{"code":"rest_invalid_param","message":"Invalid
        parameter(s): context","data":{"status":400,"params":{"context":"context is
        not one of edit."}}}]}},{"id":32,"date":"2016-03-30T00:20:02","date_gmt":"2016-03-30T00:20:02","guid":{"rendered":"http:\/\/localhost:8080\/%post%\/"},"modified":"2016-03-30T00:20:02","modified_gmt":"2016-03-30T00:20:02","slug":"post-30","type":"post","link":"http:\/\/localhost:8080\/%post%\/","title":{"rendered":"Post
        30"},"content":{"rendered":"","protected":false},"excerpt":{"rendered":"","protected":false},"author":0,"featured_media":0,"comment_status":"open","ping_status":"open","sticky":false,"template":"","format":"standard","meta":[],"categories":[1],"tags":[],"custom_taxonomy":[],"_links":{"self":[{"href":"http:\/\/localhost:8080\/wp-json\/wp\/v2\/posts\/32"}],"collection":[{"href":"http:\/\/localhost:8080\/wp-json\/wp\/v2\/posts"}],"about":[{"href":"http:\/\/localhost:8080\/wp-json\/wp\/v2\/types\/post"}],"replies":[{"embeddable":true,"href":"http:\/\/localhost:8080\/wp-json\/wp\/v2\/comments?post=32"}],"version-history":[{"href":"http:\/\/localhost:8080\/wp-json\/wp\/v2\/posts\/32\/revisions"}],"wp:attachment":[{"href":"http:\/\/localhost:8080\/wp-json\/wp\/v2\/media?parent=32"}],"wp:term":[{"taxonomy":"category","embeddable":true,"href":"http:\/\/localhost:8080\/wp-json\/wp\/v2\/categories?post=32"},{"taxonomy":"post_tag","embeddable":true,"href":"http:\/\/localhost:8080\/wp-json\/wp\/v2\/tags?post=32"},{"taxonomy":"custom_taxonomy","embeddable":true,"href":"http:\/\/localhost:8080\/wp-json\/wp\/v2\/custom_taxonomy?post=32"}],"wp:meta":[{"embeddable":true,"href":"http:\/\/localhost:8080\/wp-json\/wp\/v2\/posts\/32\/meta"}],"curies":[{"name":"wp","href":"https:\/\/api.w.org\/{rel}","templated":true}]},"_embedded":{"wp:term":[[{"id":1,"link":"http:\/\/localhost:8080\/category\/uncategorized\/","name":"Uncategorized","slug":"uncategorized","taxonomy":"category","_links":{"self":[{"href":"http:\/\/localhost:8080\/wp-json\/wp\/v2\/categories\/1"}],"collection":[{"href":"http:\/\/localhost:8080\/wp-json\/wp\/v2\/categories"}],"about":[{"href":"http:\/\/localhost:8080\/wp-json\/wp\/v2\/taxonomies\/category"}],"wp:post_type":[{"href":"http:\/\/localhost:8080\/wp-json\/wp\/v2\/posts?categories=1"}],"curies":[{"name":"wp","href":"https:\/\/api.w.org\/{rel}","templated":true}]}}],[],[]],"wp:meta":[{"code":"rest_invalid_param","message":"Invalid
        parameter(s): context","data":{"status":400,"params":{"context":"context is
        not one of edit."}}}]}},{"id":48,"date":"2016-03-30T00:20:02","date_gmt":"2016-03-30T00:20:02","guid":{"rendered":"http:\/\/localhost:8080\/%post%\/"},"modified":"2016-03-30T00:20:02","modified_gmt":"2016-03-30T00:20:02","slug":"post-46","type":"post","link":"http:\/\/localhost:8080\/%post%\/","title":{"rendered":"Post
        46"},"content":{"rendered":"","protected":false},"excerpt":{"rendered":"","protected":false},"author":0,"featured_media":0,"comment_status":"open","ping_status":"open","sticky":false,"template":"","format":"standard","meta":[],"categories":[1],"tags":[],"custom_taxonomy":[],"_links":{"self":[{"href":"http:\/\/localhost:8080\/wp-json\/wp\/v2\/posts\/48"}],"collection":[{"href":"http:\/\/localhost:8080\/wp-json\/wp\/v2\/posts"}],"about":[{"href":"http:\/\/localhost:8080\/wp-json\/wp\/v2\/types\/post"}],"replies":[{"embeddable":true,"href":"http:\/\/localhost:8080\/wp-json\/wp\/v2\/comments?post=48"}],"version-history":[{"href":"http:\/\/localhost:8080\/wp-json\/wp\/v2\/posts\/48\/revisions"}],"wp:attachment":[{"href":"http:\/\/localhost:8080\/wp-json\/wp\/v2\/media?parent=48"}],"wp:term":[{"taxonomy":"category","embeddable":true,"href":"http:\/\/localhost:8080\/wp-json\/wp\/v2\/categories?post=48"},{"taxonomy":"post_tag","embeddable":true,"href":"http:\/\/localhost:8080\/wp-json\/wp\/v2\/tags?post=48"},{"taxonomy":"custom_taxonomy","embeddable":true,"href":"http:\/\/localhost:8080\/wp-json\/wp\/v2\/custom_taxonomy?post=48"}],"wp:meta":[{"embeddable":true,"href":"http:\/\/localhost:8080\/wp-json\/wp\/v2\/posts\/48\/meta"}],"curies":[{"name":"wp","href":"https:\/\/api.w.org\/{rel}","templated":true}]},"_embedded":{"wp:term":[[{"id":1,"link":"http:\/\/localhost:8080\/category\/uncategorized\/","name":"Uncategorized","slug":"uncategorized","taxonomy":"category","_links":{"self":[{"href":"http:\/\/localhost:8080\/wp-json\/wp\/v2\/categories\/1"}],"collection":[{"href":"http:\/\/localhost:8080\/wp-json\/wp\/v2\/categories"}],"about":[{"href":"http:\/\/localhost:8080\/wp-json\/wp\/v2\/taxonomies\/category"}],"wp:post_type":[{"href":"http:\/\/localhost:8080\/wp-json\/wp\/v2\/posts?categories=1"}],"curies":[{"name":"wp","href":"https:\/\/api.w.org\/{rel}","templated":true}]}}],[],[]],"wp:meta":[{"code":"rest_invalid_param","message":"Invalid
        parameter(s): context","data":{"status":400,"params":{"context":"context is
        not one of edit."}}}]}},{"id":64,"date":"2016-03-30T00:20:02","date_gmt":"2016-03-30T00:20:02","guid":{"rendered":"http:\/\/localhost:8080\/%post%\/"},"modified":"2016-03-30T00:20:02","modified_gmt":"2016-03-30T00:20:02","slug":"post-62","type":"post","link":"http:\/\/localhost:8080\/%post%\/","title":{"rendered":"Post
        62"},"content":{"rendered":"","protected":false},"excerpt":{"rendered":"","protected":false},"author":0,"featured_media":0,"comment_status":"open","ping_status":"open","sticky":false,"template":"","format":"standard","meta":[],"categories":[1],"tags":[],"custom_taxonomy":[],"_links":{"self":[{"href":"http:\/\/localhost:8080\/wp-json\/wp\/v2\/posts\/64"}],"collection":[{"href":"http:\/\/localhost:8080\/wp-json\/wp\/v2\/posts"}],"about":[{"href":"http:\/\/localhost:8080\/wp-json\/wp\/v2\/types\/post"}],"replies":[{"embeddable":true,"href":"http:\/\/localhost:8080\/wp-json\/wp\/v2\/comments?post=64"}],"version-history":[{"href":"http:\/\/localhost:8080\/wp-json\/wp\/v2\/posts\/64\/revisions"}],"wp:attachment":[{"href":"http:\/\/localhost:8080\/wp-json\/wp\/v2\/media?parent=64"}],"wp:term":[{"taxonomy":"category","embeddable":true,"href":"http:\/\/localhost:8080\/wp-json\/wp\/v2\/categories?post=64"},{"taxonomy":"post_tag","embeddable":true,"href":"http:\/\/localhost:8080\/wp-json\/wp\/v2\/tags?post=64"},{"taxonomy":"custom_taxonomy","embeddable":true,"href":"http:\/\/localhost:8080\/wp-json\/wp\/v2\/custom_taxonomy?post=64"}],"wp:meta":[{"embeddable":true,"href":"http:\/\/localhost:8080\/wp-json\/wp\/v2\/posts\/64\/meta"}],"curies":[{"name":"wp","href":"https:\/\/api.w.org\/{rel}","templated":true}]},"_embedded":{"wp:term":[[{"id":1,"link":"http:\/\/localhost:8080\/category\/uncategorized\/","name":"Uncategorized","slug":"uncategorized","taxonomy":"category","_links":{"self":[{"href":"http:\/\/localhost:8080\/wp-json\/wp\/v2\/categories\/1"}],"collection":[{"href":"http:\/\/localhost:8080\/wp-json\/wp\/v2\/categories"}],"about":[{"href":"http:\/\/localhost:8080\/wp-json\/wp\/v2\/taxonomies\/category"}],"wp:post_type":[{"href":"http:\/\/localhost:8080\/wp-json\/wp\/v2\/posts?categories=1"}],"curies":[{"name":"wp","href":"https:\/\/api.w.org\/{rel}","templated":true}]}}],[],[]],"wp:meta":[{"code":"rest_invalid_param","message":"Invalid
        parameter(s): context","data":{"status":400,"params":{"context":"context is
        not one of edit."}}}]}},{"id":80,"date":"2016-03-30T00:20:02","date_gmt":"2016-03-30T00:20:02","guid":{"rendered":"http:\/\/localhost:8080\/%post%\/"},"modified":"2016-03-30T00:20:02","modified_gmt":"2016-03-30T00:20:02","slug":"post-78","type":"post","link":"http:\/\/localhost:8080\/%post%\/","title":{"rendered":"Post
        78"},"content":{"rendered":"","protected":false},"excerpt":{"rendered":"","protected":false},"author":0,"featured_media":0,"comment_status":"open","ping_status":"open","sticky":false,"template":"","format":"standard","meta":[],"categories":[1],"tags":[],"custom_taxonomy":[2],"_links":{"self":[{"href":"http:\/\/localhost:8080\/wp-json\/wp\/v2\/posts\/80"}],"collection":[{"href":"http:\/\/localhost:8080\/wp-json\/wp\/v2\/posts"}],"about":[{"href":"http:\/\/localhost:8080\/wp-json\/wp\/v2\/types\/post"}],"replies":[{"embeddable":true,"href":"http:\/\/localhost:8080\/wp-json\/wp\/v2\/comments?post=80"}],"version-history":[{"href":"http:\/\/localhost:8080\/wp-json\/wp\/v2\/posts\/80\/revisions"}],"wp:attachment":[{"href":"http:\/\/localhost:8080\/wp-json\/wp\/v2\/media?parent=80"}],"wp:term":[{"taxonomy":"category","embeddable":true,"href":"http:\/\/localhost:8080\/wp-json\/wp\/v2\/categories?post=80"},{"taxonomy":"post_tag","embeddable":true,"href":"http:\/\/localhost:8080\/wp-json\/wp\/v2\/tags?post=80"},{"taxonomy":"custom_taxonomy","embeddable":true,"href":"http:\/\/localhost:8080\/wp-json\/wp\/v2\/custom_taxonomy?post=80"}],"wp:meta":[{"embeddable":true,"href":"http:\/\/localhost:8080\/wp-json\/wp\/v2\/posts\/80\/meta"}],"curies":[{"name":"wp","href":"https:\/\/api.w.org\/{rel}","templated":true}]},"_embedded":{"wp:term":[[{"id":1,"link":"http:\/\/localhost:8080\/category\/uncategorized\/","name":"Uncategorized","slug":"uncategorized","taxonomy":"category","_links":{"self":[{"href":"http:\/\/localhost:8080\/wp-json\/wp\/v2\/categories\/1"}],"collection":[{"href":"http:\/\/localhost:8080\/wp-json\/wp\/v2\/categories"}],"about":[{"href":"http:\/\/localhost:8080\/wp-json\/wp\/v2\/taxonomies\/category"}],"wp:post_type":[{"href":"http:\/\/localhost:8080\/wp-json\/wp\/v2\/posts?categories=1"}],"curies":[{"name":"wp","href":"https:\/\/api.w.org\/{rel}","templated":true}]}}],[],[{"id":2,"link":"http:\/\/localhost:8080\/custom_taxonomy\/term_one\/","name":"term_one","slug":"term_one","taxonomy":"custom_taxonomy","_links":{"self":[{"href":"http:\/\/localhost:8080\/wp-json\/wp\/v2\/custom_taxonomy\/2"}],"collection":[{"href":"http:\/\/localhost:8080\/wp-json\/wp\/v2\/custom_taxonomy"}],"about":[{"href":"http:\/\/localhost:8080\/wp-json\/wp\/v2\/taxonomies\/custom_taxonomy"}],"wp:post_type":[{"href":"http:\/\/localhost:8080\/wp-json\/wp\/v2\/custom_post_type?custom_taxonomy=2"},{"href":"http:\/\/localhost:8080\/wp-json\/wp\/v2\/posts?custom_taxonomy=2"}],"curies":[{"name":"wp","href":"https:\/\/api.w.org\/{rel}","templated":true}]}}]],"wp:meta":[{"code":"rest_invalid_param","message":"Invalid
        parameter(s): context","data":{"status":400,"params":{"context":"context is
        not one of edit."}}}]}},{"id":96,"date":"2016-03-30T00:20:02","date_gmt":"2016-03-30T00:20:02","guid":{"rendered":"http:\/\/localhost:8080\/%post%\/"},"modified":"2016-03-30T00:20:02","modified_gmt":"2016-03-30T00:20:02","slug":"post-94","type":"post","link":"http:\/\/localhost:8080\/%post%\/","title":{"rendered":"Post
        94"},"content":{"rendered":"","protected":false},"excerpt":{"rendered":"","protected":false},"author":0,"featured_media":0,"comment_status":"open","ping_status":"open","sticky":false,"template":"","format":"standard","meta":[],"categories":[1],"tags":[],"custom_taxonomy":[],"_links":{"self":[{"href":"http:\/\/localhost:8080\/wp-json\/wp\/v2\/posts\/96"}],"collection":[{"href":"http:\/\/localhost:8080\/wp-json\/wp\/v2\/posts"}],"about":[{"href":"http:\/\/localhost:8080\/wp-json\/wp\/v2\/types\/post"}],"replies":[{"embeddable":true,"href":"http:\/\/localhost:8080\/wp-json\/wp\/v2\/comments?post=96"}],"version-history":[{"href":"http:\/\/localhost:8080\/wp-json\/wp\/v2\/posts\/96\/revisions"}],"wp:attachment":[{"href":"http:\/\/localhost:8080\/wp-json\/wp\/v2\/media?parent=96"}],"wp:term":[{"taxonomy":"category","embeddable":true,"href":"http:\/\/localhost:8080\/wp-json\/wp\/v2\/categories?post=96"},{"taxonomy":"post_tag","embeddable":true,"href":"http:\/\/localhost:8080\/wp-json\/wp\/v2\/tags?post=96"},{"taxonomy":"custom_taxonomy","embeddable":true,"href":"http:\/\/localhost:8080\/wp-json\/wp\/v2\/custom_taxonomy?post=96"}],"wp:meta":[{"embeddable":true,"href":"http:\/\/localhost:8080\/wp-json\/wp\/v2\/posts\/96\/meta"}],"curies":[{"name":"wp","href":"https:\/\/api.w.org\/{rel}","templated":true}]},"_embedded":{"wp:term":[[{"id":1,"link":"http:\/\/localhost:8080\/category\/uncategorized\/","name":"Uncategorized","slug":"uncategorized","taxonomy":"category","_links":{"self":[{"href":"http:\/\/localhost:8080\/wp-json\/wp\/v2\/categories\/1"}],"collection":[{"href":"http:\/\/localhost:8080\/wp-json\/wp\/v2\/categories"}],"about":[{"href":"http:\/\/localhost:8080\/wp-json\/wp\/v2\/taxonomies\/category"}],"wp:post_type":[{"href":"http:\/\/localhost:8080\/wp-json\/wp\/v2\/posts?categories=1"}],"curies":[{"name":"wp","href":"https:\/\/api.w.org\/{rel}","templated":true}]}}],[],[]],"wp:meta":[{"code":"rest_invalid_param","message":"Invalid
        parameter(s): context","data":{"status":400,"params":{"context":"context is
        not one of edit."}}}]}},{"id":17,"date":"2016-03-30T00:20:02","date_gmt":"2016-03-30T00:20:02","guid":{"rendered":"http:\/\/localhost:8080\/%post%\/"},"modified":"2016-03-30T00:20:02","modified_gmt":"2016-03-30T00:20:02","slug":"post-15","type":"post","link":"http:\/\/localhost:8080\/%post%\/","title":{"rendered":"Post
        15"},"content":{"rendered":"","protected":false},"excerpt":{"rendered":"","protected":false},"author":0,"featured_media":0,"comment_status":"open","ping_status":"open","sticky":false,"template":"","format":"standard","meta":[],"categories":[1],"tags":[],"custom_taxonomy":[],"_links":{"self":[{"href":"http:\/\/localhost:8080\/wp-json\/wp\/v2\/posts\/17"}],"collection":[{"href":"http:\/\/localhost:8080\/wp-json\/wp\/v2\/posts"}],"about":[{"href":"http:\/\/localhost:8080\/wp-json\/wp\/v2\/types\/post"}],"replies":[{"embeddable":true,"href":"http:\/\/localhost:8080\/wp-json\/wp\/v2\/comments?post=17"}],"version-history":[{"href":"http:\/\/localhost:8080\/wp-json\/wp\/v2\/posts\/17\/revisions"}],"wp:attachment":[{"href":"http:\/\/localhost:8080\/wp-json\/wp\/v2\/media?parent=17"}],"wp:term":[{"taxonomy":"category","embeddable":true,"href":"http:\/\/localhost:8080\/wp-json\/wp\/v2\/categories?post=17"},{"taxonomy":"post_tag","embeddable":true,"href":"http:\/\/localhost:8080\/wp-json\/wp\/v2\/tags?post=17"},{"taxonomy":"custom_taxonomy","embeddable":true,"href":"http:\/\/localhost:8080\/wp-json\/wp\/v2\/custom_taxonomy?post=17"}],"wp:meta":[{"embeddable":true,"href":"http:\/\/localhost:8080\/wp-json\/wp\/v2\/posts\/17\/meta"}],"curies":[{"name":"wp","href":"https:\/\/api.w.org\/{rel}","templated":true}]},"_embedded":{"wp:term":[[{"id":1,"link":"http:\/\/localhost:8080\/category\/uncategorized\/","name":"Uncategorized","slug":"uncategorized","taxonomy":"category","_links":{"self":[{"href":"http:\/\/localhost:8080\/wp-json\/wp\/v2\/categories\/1"}],"collection":[{"href":"http:\/\/localhost:8080\/wp-json\/wp\/v2\/categories"}],"about":[{"href":"http:\/\/localhost:8080\/wp-json\/wp\/v2\/taxonomies\/category"}],"wp:post_type":[{"href":"http:\/\/localhost:8080\/wp-json\/wp\/v2\/posts?categories=1"}],"curies":[{"name":"wp","href":"https:\/\/api.w.org\/{rel}","templated":true}]}}],[],[]],"wp:meta":[{"code":"rest_invalid_param","message":"Invalid
        parameter(s): context","data":{"status":400,"params":{"context":"context is
        not one of edit."}}}]}},{"id":33,"date":"2016-03-30T00:20:02","date_gmt":"2016-03-30T00:20:02","guid":{"rendered":"http:\/\/localhost:8080\/%post%\/"},"modified":"2016-03-30T00:20:02","modified_gmt":"2016-03-30T00:20:02","slug":"post-31","type":"post","link":"http:\/\/localhost:8080\/%post%\/","title":{"rendered":"Post
        31"},"content":{"rendered":"","protected":false},"excerpt":{"rendered":"","protected":false},"author":0,"featured_media":0,"comment_status":"open","ping_status":"open","sticky":false,"template":"","format":"standard","meta":[],"categories":[1],"tags":[],"custom_taxonomy":[],"_links":{"self":[{"href":"http:\/\/localhost:8080\/wp-json\/wp\/v2\/posts\/33"}],"collection":[{"href":"http:\/\/localhost:8080\/wp-json\/wp\/v2\/posts"}],"about":[{"href":"http:\/\/localhost:8080\/wp-json\/wp\/v2\/types\/post"}],"replies":[{"embeddable":true,"href":"http:\/\/localhost:8080\/wp-json\/wp\/v2\/comments?post=33"}],"version-history":[{"href":"http:\/\/localhost:8080\/wp-json\/wp\/v2\/posts\/33\/revisions"}],"wp:attachment":[{"href":"http:\/\/localhost:8080\/wp-json\/wp\/v2\/media?parent=33"}],"wp:term":[{"taxonomy":"category","embeddable":true,"href":"http:\/\/localhost:8080\/wp-json\/wp\/v2\/categories?post=33"},{"taxonomy":"post_tag","embeddable":true,"href":"http:\/\/localhost:8080\/wp-json\/wp\/v2\/tags?post=33"},{"taxonomy":"custom_taxonomy","embeddable":true,"href":"http:\/\/localhost:8080\/wp-json\/wp\/v2\/custom_taxonomy?post=33"}],"wp:meta":[{"embeddable":true,"href":"http:\/\/localhost:8080\/wp-json\/wp\/v2\/posts\/33\/meta"}],"curies":[{"name":"wp","href":"https:\/\/api.w.org\/{rel}","templated":true}]},"_embedded":{"wp:term":[[{"id":1,"link":"http:\/\/localhost:8080\/category\/uncategorized\/","name":"Uncategorized","slug":"uncategorized","taxonomy":"category","_links":{"self":[{"href":"http:\/\/localhost:8080\/wp-json\/wp\/v2\/categories\/1"}],"collection":[{"href":"http:\/\/localhost:8080\/wp-json\/wp\/v2\/categories"}],"about":[{"href":"http:\/\/localhost:8080\/wp-json\/wp\/v2\/taxonomies\/category"}],"wp:post_type":[{"href":"http:\/\/localhost:8080\/wp-json\/wp\/v2\/posts?categories=1"}],"curies":[{"name":"wp","href":"https:\/\/api.w.org\/{rel}","templated":true}]}}],[],[]],"wp:meta":[{"code":"rest_invalid_param","message":"Invalid
        parameter(s): context","data":{"status":400,"params":{"context":"context is
        not one of edit."}}}]}},{"id":49,"date":"2016-03-30T00:20:02","date_gmt":"2016-03-30T00:20:02","guid":{"rendered":"http:\/\/localhost:8080\/%post%\/"},"modified":"2016-03-30T00:20:02","modified_gmt":"2016-03-30T00:20:02","slug":"post-47","type":"post","link":"http:\/\/localhost:8080\/%post%\/","title":{"rendered":"Post
        47"},"content":{"rendered":"","protected":false},"excerpt":{"rendered":"","protected":false},"author":0,"featured_media":0,"comment_status":"open","ping_status":"open","sticky":false,"template":"","format":"standard","meta":[],"categories":[1],"tags":[],"custom_taxonomy":[],"_links":{"self":[{"href":"http:\/\/localhost:8080\/wp-json\/wp\/v2\/posts\/49"}],"collection":[{"href":"http:\/\/localhost:8080\/wp-json\/wp\/v2\/posts"}],"about":[{"href":"http:\/\/localhost:8080\/wp-json\/wp\/v2\/types\/post"}],"replies":[{"embeddable":true,"href":"http:\/\/localhost:8080\/wp-json\/wp\/v2\/comments?post=49"}],"version-history":[{"href":"http:\/\/localhost:8080\/wp-json\/wp\/v2\/posts\/49\/revisions"}],"wp:attachment":[{"href":"http:\/\/localhost:8080\/wp-json\/wp\/v2\/media?parent=49"}],"wp:term":[{"taxonomy":"category","embeddable":true,"href":"http:\/\/localhost:8080\/wp-json\/wp\/v2\/categories?post=49"},{"taxonomy":"post_tag","embeddable":true,"href":"http:\/\/localhost:8080\/wp-json\/wp\/v2\/tags?post=49"},{"taxonomy":"custom_taxonomy","embeddable":true,"href":"http:\/\/localhost:8080\/wp-json\/wp\/v2\/custom_taxonomy?post=49"}],"wp:meta":[{"embeddable":true,"href":"http:\/\/localhost:8080\/wp-json\/wp\/v2\/posts\/49\/meta"}],"curies":[{"name":"wp","href":"https:\/\/api.w.org\/{rel}","templated":true}]},"_embedded":{"wp:term":[[{"id":1,"link":"http:\/\/localhost:8080\/category\/uncategorized\/","name":"Uncategorized","slug":"uncategorized","taxonomy":"category","_links":{"self":[{"href":"http:\/\/localhost:8080\/wp-json\/wp\/v2\/categories\/1"}],"collection":[{"href":"http:\/\/localhost:8080\/wp-json\/wp\/v2\/categories"}],"about":[{"href":"http:\/\/localhost:8080\/wp-json\/wp\/v2\/taxonomies\/category"}],"wp:post_type":[{"href":"http:\/\/localhost:8080\/wp-json\/wp\/v2\/posts?categories=1"}],"curies":[{"name":"wp","href":"https:\/\/api.w.org\/{rel}","templated":true}]}}],[],[]],"wp:meta":[{"code":"rest_invalid_param","message":"Invalid
        parameter(s): context","data":{"status":400,"params":{"context":"context is
        not one of edit."}}}]}},{"id":65,"date":"2016-03-30T00:20:02","date_gmt":"2016-03-30T00:20:02","guid":{"rendered":"http:\/\/localhost:8080\/%post%\/"},"modified":"2016-03-30T00:20:02","modified_gmt":"2016-03-30T00:20:02","slug":"post-63","type":"post","link":"http:\/\/localhost:8080\/%post%\/","title":{"rendered":"Post
        63"},"content":{"rendered":"","protected":false},"excerpt":{"rendered":"","protected":false},"author":0,"featured_media":0,"comment_status":"open","ping_status":"open","sticky":false,"template":"","format":"standard","meta":[],"categories":[1],"tags":[],"custom_taxonomy":[],"_links":{"self":[{"href":"http:\/\/localhost:8080\/wp-json\/wp\/v2\/posts\/65"}],"collection":[{"href":"http:\/\/localhost:8080\/wp-json\/wp\/v2\/posts"}],"about":[{"href":"http:\/\/localhost:8080\/wp-json\/wp\/v2\/types\/post"}],"replies":[{"embeddable":true,"href":"http:\/\/localhost:8080\/wp-json\/wp\/v2\/comments?post=65"}],"version-history":[{"href":"http:\/\/localhost:8080\/wp-json\/wp\/v2\/posts\/65\/revisions"}],"wp:attachment":[{"href":"http:\/\/localhost:8080\/wp-json\/wp\/v2\/media?parent=65"}],"wp:term":[{"taxonomy":"category","embeddable":true,"href":"http:\/\/localhost:8080\/wp-json\/wp\/v2\/categories?post=65"},{"taxonomy":"post_tag","embeddable":true,"href":"http:\/\/localhost:8080\/wp-json\/wp\/v2\/tags?post=65"},{"taxonomy":"custom_taxonomy","embeddable":true,"href":"http:\/\/localhost:8080\/wp-json\/wp\/v2\/custom_taxonomy?post=65"}],"wp:meta":[{"embeddable":true,"href":"http:\/\/localhost:8080\/wp-json\/wp\/v2\/posts\/65\/meta"}],"curies":[{"name":"wp","href":"https:\/\/api.w.org\/{rel}","templated":true}]},"_embedded":{"wp:term":[[{"id":1,"link":"http:\/\/localhost:8080\/category\/uncategorized\/","name":"Uncategorized","slug":"uncategorized","taxonomy":"category","_links":{"self":[{"href":"http:\/\/localhost:8080\/wp-json\/wp\/v2\/categories\/1"}],"collection":[{"href":"http:\/\/localhost:8080\/wp-json\/wp\/v2\/categories"}],"about":[{"href":"http:\/\/localhost:8080\/wp-json\/wp\/v2\/taxonomies\/category"}],"wp:post_type":[{"href":"http:\/\/localhost:8080\/wp-json\/wp\/v2\/posts?categories=1"}],"curies":[{"name":"wp","href":"https:\/\/api.w.org\/{rel}","templated":true}]}}],[],[]],"wp:meta":[{"code":"rest_invalid_param","message":"Invalid
        parameter(s): context","data":{"status":400,"params":{"context":"context is
        not one of edit."}}}]}}]'
    http_version: 
  recorded_at: Mon, 20 Feb 2017 22:16:44 GMT
- request:
    method: get
    uri: http://localhost:8080/wp-json/wp/v2/taxonomies/category?_embed=true
    body:
      encoding: US-ASCII
      string: ''
    headers:
      User-Agent:
      - Faraday v0.11.0
      Authorization:
      - OAuth oauth_consumer_key="DJyagPXmjMxO", oauth_nonce="30a84d3737ef63d4881130f674b51279",
        oauth_signature="%2BKcYi2ggUGGFbP94XD%2BnySkVIOg%3D", oauth_signature_method="HMAC-SHA1",
        oauth_timestamp="1487629005", oauth_token="8w2Q6IJj63OB01FmNlu6WA5A", oauth_version="1.0"
      Expect:
      - ''
  response:
    status:
      code: 200
      message: OK
    headers:
      Host:
      - localhost:8080
      Connection:
      - close
      X-Powered-By:
      - PHP/5.6.26
      Content-Type:
      - application/json; charset=UTF-8
      X-Robots-Tag:
      - noindex
      Link:
      - <http://localhost:8080/wp-json/>; rel="https://api.w.org/"
      X-Content-Type-Options:
      - nosniff
      Access-Control-Expose-Headers:
      - X-WP-Total, X-WP-TotalPages
      Access-Control-Allow-Headers:
      - Authorization, Content-Type
      Expires:
      - Wed, 11 Jan 1984 05:00:00 GMT
      Cache-Control:
      - no-cache, must-revalidate, max-age=0
      Last-Modified:
      - ''
      Allow:
      - GET
    body:
      encoding: UTF-8
      string: '{"name":"Categories","slug":"category","description":"","types":["post"],"hierarchical":true,"rest_base":"categories","_links":{"collection":[{"href":"http:\/\/localhost:8080\/wp-json\/wp\/v2\/taxonomies"}],"wp:items":[{"href":"http:\/\/localhost:8080\/wp-json\/wp\/v2\/categories"}],"curies":[{"name":"wp","href":"https:\/\/api.w.org\/{rel}","templated":true}]}}'
    http_version: 
  recorded_at: Mon, 20 Feb 2017 22:16:45 GMT
- request:
    method: get
    uri: http://localhost:8080/wp-json/wp/v2/custom_taxonomy/2?_embed=true
    body:
      encoding: US-ASCII
      string: ''
    headers:
      User-Agent:
      - Faraday v0.11.0
      Authorization:
      - OAuth oauth_consumer_key="DJyagPXmjMxO", oauth_nonce="97f45f264cfe33e2a5a89c7ef358f000",
        oauth_signature="gPoT1kh2q9aoDdUCQPtLiCV4bCY%3D", oauth_signature_method="HMAC-SHA1",
        oauth_timestamp="1487629005", oauth_token="8w2Q6IJj63OB01FmNlu6WA5A", oauth_version="1.0"
      Expect:
      - ''
  response:
    status:
      code: 200
      message: OK
    headers:
      Host:
      - localhost:8080
      Connection:
      - close
      X-Powered-By:
      - PHP/5.6.26
      Content-Type:
      - application/json; charset=UTF-8
      X-Robots-Tag:
      - noindex
      Link:
      - <http://localhost:8080/wp-json/>; rel="https://api.w.org/"
      X-Content-Type-Options:
      - nosniff
      Access-Control-Expose-Headers:
      - X-WP-Total, X-WP-TotalPages
      Access-Control-Allow-Headers:
      - Authorization, Content-Type
      Expires:
      - Wed, 11 Jan 1984 05:00:00 GMT
      Cache-Control:
      - no-cache, must-revalidate, max-age=0
      Last-Modified:
      - ''
      Allow:
      - GET, POST, PUT, PATCH, DELETE
    body:
      encoding: UTF-8
      string: '{"id":2,"count":20,"description":"","link":"http:\/\/localhost:8080\/custom_taxonomy\/term_one\/","name":"term_one","slug":"term_one","taxonomy":"custom_taxonomy","meta":[],"_links":{"self":[{"href":"http:\/\/localhost:8080\/wp-json\/wp\/v2\/custom_taxonomy\/2"}],"collection":[{"href":"http:\/\/localhost:8080\/wp-json\/wp\/v2\/custom_taxonomy"}],"about":[{"href":"http:\/\/localhost:8080\/wp-json\/wp\/v2\/taxonomies\/custom_taxonomy"}],"wp:post_type":[{"href":"http:\/\/localhost:8080\/wp-json\/wp\/v2\/custom_post_type?custom_taxonomy=2"},{"href":"http:\/\/localhost:8080\/wp-json\/wp\/v2\/posts?custom_taxonomy=2"}],"curies":[{"name":"wp","href":"https:\/\/api.w.org\/{rel}","templated":true}]}}'
    http_version: 
  recorded_at: Mon, 20 Feb 2017 22:16:46 GMT
- request:
    method: get
    uri: http://localhost:8080/wp-json/wp/v2/custom_post_type?_embed=true&custom_taxonomy=2
    body:
      encoding: US-ASCII
      string: ''
    headers:
      User-Agent:
      - Faraday v0.11.0
      Authorization:
      - OAuth oauth_consumer_key="DJyagPXmjMxO", oauth_nonce="c8cd7dd542aac4750e387f030c1b7040",
        oauth_signature="f5M2P%2FGOvB7aNwiSpLhf%2FYPDOuA%3D", oauth_signature_method="HMAC-SHA1",
        oauth_timestamp="1487629006", oauth_token="8w2Q6IJj63OB01FmNlu6WA5A", oauth_version="1.0"
      Expect:
      - ''
  response:
    status:
      code: 200
      message: OK
    headers:
      Host:
      - localhost:8080
      Connection:
      - close
      X-Powered-By:
      - PHP/5.6.26
      Content-Type:
      - application/json; charset=UTF-8
      X-Robots-Tag:
      - noindex
      Link:
      - <http://localhost:8080/wp-json/>; rel="https://api.w.org/"
      X-Content-Type-Options:
      - nosniff
      Access-Control-Expose-Headers:
      - X-WP-Total, X-WP-TotalPages
      Access-Control-Allow-Headers:
      - Authorization, Content-Type
      Expires:
      - Wed, 11 Jan 1984 05:00:00 GMT
      Cache-Control:
      - no-cache, must-revalidate, max-age=0
      Last-Modified:
      - ''
      X-Wp-Total:
      - '10'
      X-Wp-Totalpages:
      - '1'
      Allow:
      - GET, POST
    body:
      encoding: UTF-8
      string: '[{"id":110,"date":"2016-03-30T00:20:03","date_gmt":"2016-03-30T00:20:03","guid":{"rendered":"http:\/\/localhost:8080\/custom_post_type\/post-7\/"},"modified":"2016-03-30T00:20:03","modified_gmt":"2016-03-30T00:20:03","slug":"post-7","type":"custom_post_type","link":"http:\/\/localhost:8080\/custom_post_type\/post-7\/","title":{"rendered":"Custom
        Post Type 7"},"content":{"rendered":"","protected":false},"template":"","custom_taxonomy":[2,3],"_links":{"self":[{"href":"http:\/\/localhost:8080\/wp-json\/wp\/v2\/custom_post_type\/110"}],"collection":[{"href":"http:\/\/localhost:8080\/wp-json\/wp\/v2\/custom_post_type"}],"about":[{"href":"http:\/\/localhost:8080\/wp-json\/wp\/v2\/types\/custom_post_type"}],"wp:attachment":[{"href":"http:\/\/localhost:8080\/wp-json\/wp\/v2\/media?parent=110"}],"wp:term":[{"taxonomy":"custom_taxonomy","embeddable":true,"href":"http:\/\/localhost:8080\/wp-json\/wp\/v2\/custom_taxonomy?post=110"}],"curies":[{"name":"wp","href":"https:\/\/api.w.org\/{rel}","templated":true}]},"_embedded":{"wp:term":[[{"id":2,"link":"http:\/\/localhost:8080\/custom_taxonomy\/term_one\/","name":"term_one","slug":"term_one","taxonomy":"custom_taxonomy","_links":{"self":[{"href":"http:\/\/localhost:8080\/wp-json\/wp\/v2\/custom_taxonomy\/2"}],"collection":[{"href":"http:\/\/localhost:8080\/wp-json\/wp\/v2\/custom_taxonomy"}],"about":[{"href":"http:\/\/localhost:8080\/wp-json\/wp\/v2\/taxonomies\/custom_taxonomy"}],"wp:post_type":[{"href":"http:\/\/localhost:8080\/wp-json\/wp\/v2\/custom_post_type?custom_taxonomy=2"},{"href":"http:\/\/localhost:8080\/wp-json\/wp\/v2\/posts?custom_taxonomy=2"}],"curies":[{"name":"wp","href":"https:\/\/api.w.org\/{rel}","templated":true}]}},{"id":3,"link":"http:\/\/localhost:8080\/custom_taxonomy\/term_two\/","name":"term_two","slug":"term_two","taxonomy":"custom_taxonomy","_links":{"self":[{"href":"http:\/\/localhost:8080\/wp-json\/wp\/v2\/custom_taxonomy\/3"}],"collection":[{"href":"http:\/\/localhost:8080\/wp-json\/wp\/v2\/custom_taxonomy"}],"about":[{"href":"http:\/\/localhost:8080\/wp-json\/wp\/v2\/taxonomies\/custom_taxonomy"}],"wp:post_type":[{"href":"http:\/\/localhost:8080\/wp-json\/wp\/v2\/custom_post_type?custom_taxonomy=3"},{"href":"http:\/\/localhost:8080\/wp-json\/wp\/v2\/posts?custom_taxonomy=3"}],"curies":[{"name":"wp","href":"https:\/\/api.w.org\/{rel}","templated":true}]}}]]}},{"id":120,"date":"2016-03-30T00:20:03","date_gmt":"2016-03-30T00:20:03","guid":{"rendered":"http:\/\/localhost:8080\/custom_post_type\/post-17\/"},"modified":"2016-03-30T00:20:03","modified_gmt":"2016-03-30T00:20:03","slug":"post-17","type":"custom_post_type","link":"http:\/\/localhost:8080\/custom_post_type\/post-17\/","title":{"rendered":"Custom
        Post Type 17"},"content":{"rendered":"","protected":false},"template":"","custom_taxonomy":[2],"_links":{"self":[{"href":"http:\/\/localhost:8080\/wp-json\/wp\/v2\/custom_post_type\/120"}],"collection":[{"href":"http:\/\/localhost:8080\/wp-json\/wp\/v2\/custom_post_type"}],"about":[{"href":"http:\/\/localhost:8080\/wp-json\/wp\/v2\/types\/custom_post_type"}],"wp:attachment":[{"href":"http:\/\/localhost:8080\/wp-json\/wp\/v2\/media?parent=120"}],"wp:term":[{"taxonomy":"custom_taxonomy","embeddable":true,"href":"http:\/\/localhost:8080\/wp-json\/wp\/v2\/custom_taxonomy?post=120"}],"curies":[{"name":"wp","href":"https:\/\/api.w.org\/{rel}","templated":true}]},"_embedded":{"wp:term":[[{"id":2,"link":"http:\/\/localhost:8080\/custom_taxonomy\/term_one\/","name":"term_one","slug":"term_one","taxonomy":"custom_taxonomy","_links":{"self":[{"href":"http:\/\/localhost:8080\/wp-json\/wp\/v2\/custom_taxonomy\/2"}],"collection":[{"href":"http:\/\/localhost:8080\/wp-json\/wp\/v2\/custom_taxonomy"}],"about":[{"href":"http:\/\/localhost:8080\/wp-json\/wp\/v2\/taxonomies\/custom_taxonomy"}],"wp:post_type":[{"href":"http:\/\/localhost:8080\/wp-json\/wp\/v2\/custom_post_type?custom_taxonomy=2"},{"href":"http:\/\/localhost:8080\/wp-json\/wp\/v2\/posts?custom_taxonomy=2"}],"curies":[{"name":"wp","href":"https:\/\/api.w.org\/{rel}","templated":true}]}}]]}},{"id":130,"date":"2016-03-30T00:20:03","date_gmt":"2016-03-30T00:20:03","guid":{"rendered":"http:\/\/localhost:8080\/custom_post_type\/post-27\/"},"modified":"2016-03-30T00:20:03","modified_gmt":"2016-03-30T00:20:03","slug":"post-27","type":"custom_post_type","link":"http:\/\/localhost:8080\/custom_post_type\/post-27\/","title":{"rendered":"Custom
        Post Type 27"},"content":{"rendered":"","protected":false},"template":"","custom_taxonomy":[2,3],"_links":{"self":[{"href":"http:\/\/localhost:8080\/wp-json\/wp\/v2\/custom_post_type\/130"}],"collection":[{"href":"http:\/\/localhost:8080\/wp-json\/wp\/v2\/custom_post_type"}],"about":[{"href":"http:\/\/localhost:8080\/wp-json\/wp\/v2\/types\/custom_post_type"}],"wp:attachment":[{"href":"http:\/\/localhost:8080\/wp-json\/wp\/v2\/media?parent=130"}],"wp:term":[{"taxonomy":"custom_taxonomy","embeddable":true,"href":"http:\/\/localhost:8080\/wp-json\/wp\/v2\/custom_taxonomy?post=130"}],"curies":[{"name":"wp","href":"https:\/\/api.w.org\/{rel}","templated":true}]},"_embedded":{"wp:term":[[{"id":2,"link":"http:\/\/localhost:8080\/custom_taxonomy\/term_one\/","name":"term_one","slug":"term_one","taxonomy":"custom_taxonomy","_links":{"self":[{"href":"http:\/\/localhost:8080\/wp-json\/wp\/v2\/custom_taxonomy\/2"}],"collection":[{"href":"http:\/\/localhost:8080\/wp-json\/wp\/v2\/custom_taxonomy"}],"about":[{"href":"http:\/\/localhost:8080\/wp-json\/wp\/v2\/taxonomies\/custom_taxonomy"}],"wp:post_type":[{"href":"http:\/\/localhost:8080\/wp-json\/wp\/v2\/custom_post_type?custom_taxonomy=2"},{"href":"http:\/\/localhost:8080\/wp-json\/wp\/v2\/posts?custom_taxonomy=2"}],"curies":[{"name":"wp","href":"https:\/\/api.w.org\/{rel}","templated":true}]}},{"id":3,"link":"http:\/\/localhost:8080\/custom_taxonomy\/term_two\/","name":"term_two","slug":"term_two","taxonomy":"custom_taxonomy","_links":{"self":[{"href":"http:\/\/localhost:8080\/wp-json\/wp\/v2\/custom_taxonomy\/3"}],"collection":[{"href":"http:\/\/localhost:8080\/wp-json\/wp\/v2\/custom_taxonomy"}],"about":[{"href":"http:\/\/localhost:8080\/wp-json\/wp\/v2\/taxonomies\/custom_taxonomy"}],"wp:post_type":[{"href":"http:\/\/localhost:8080\/wp-json\/wp\/v2\/custom_post_type?custom_taxonomy=3"},{"href":"http:\/\/localhost:8080\/wp-json\/wp\/v2\/posts?custom_taxonomy=3"}],"curies":[{"name":"wp","href":"https:\/\/api.w.org\/{rel}","templated":true}]}}]]}},{"id":140,"date":"2016-03-30T00:20:03","date_gmt":"2016-03-30T00:20:03","guid":{"rendered":"http:\/\/localhost:8080\/custom_post_type\/post-37\/"},"modified":"2016-03-30T00:20:03","modified_gmt":"2016-03-30T00:20:03","slug":"post-37","type":"custom_post_type","link":"http:\/\/localhost:8080\/custom_post_type\/post-37\/","title":{"rendered":"Custom
        Post Type 37"},"content":{"rendered":"","protected":false},"template":"","custom_taxonomy":[2],"_links":{"self":[{"href":"http:\/\/localhost:8080\/wp-json\/wp\/v2\/custom_post_type\/140"}],"collection":[{"href":"http:\/\/localhost:8080\/wp-json\/wp\/v2\/custom_post_type"}],"about":[{"href":"http:\/\/localhost:8080\/wp-json\/wp\/v2\/types\/custom_post_type"}],"wp:attachment":[{"href":"http:\/\/localhost:8080\/wp-json\/wp\/v2\/media?parent=140"}],"wp:term":[{"taxonomy":"custom_taxonomy","embeddable":true,"href":"http:\/\/localhost:8080\/wp-json\/wp\/v2\/custom_taxonomy?post=140"}],"curies":[{"name":"wp","href":"https:\/\/api.w.org\/{rel}","templated":true}]},"_embedded":{"wp:term":[[{"id":2,"link":"http:\/\/localhost:8080\/custom_taxonomy\/term_one\/","name":"term_one","slug":"term_one","taxonomy":"custom_taxonomy","_links":{"self":[{"href":"http:\/\/localhost:8080\/wp-json\/wp\/v2\/custom_taxonomy\/2"}],"collection":[{"href":"http:\/\/localhost:8080\/wp-json\/wp\/v2\/custom_taxonomy"}],"about":[{"href":"http:\/\/localhost:8080\/wp-json\/wp\/v2\/taxonomies\/custom_taxonomy"}],"wp:post_type":[{"href":"http:\/\/localhost:8080\/wp-json\/wp\/v2\/custom_post_type?custom_taxonomy=2"},{"href":"http:\/\/localhost:8080\/wp-json\/wp\/v2\/posts?custom_taxonomy=2"}],"curies":[{"name":"wp","href":"https:\/\/api.w.org\/{rel}","templated":true}]}}]]}},{"id":150,"date":"2016-03-30T00:20:03","date_gmt":"2016-03-30T00:20:03","guid":{"rendered":"http:\/\/localhost:8080\/custom_post_type\/post-47\/"},"modified":"2016-03-30T00:20:03","modified_gmt":"2016-03-30T00:20:03","slug":"post-47","type":"custom_post_type","link":"http:\/\/localhost:8080\/custom_post_type\/post-47\/","title":{"rendered":"Custom
        Post Type 47"},"content":{"rendered":"","protected":false},"template":"","custom_taxonomy":[2,3],"_links":{"self":[{"href":"http:\/\/localhost:8080\/wp-json\/wp\/v2\/custom_post_type\/150"}],"collection":[{"href":"http:\/\/localhost:8080\/wp-json\/wp\/v2\/custom_post_type"}],"about":[{"href":"http:\/\/localhost:8080\/wp-json\/wp\/v2\/types\/custom_post_type"}],"wp:attachment":[{"href":"http:\/\/localhost:8080\/wp-json\/wp\/v2\/media?parent=150"}],"wp:term":[{"taxonomy":"custom_taxonomy","embeddable":true,"href":"http:\/\/localhost:8080\/wp-json\/wp\/v2\/custom_taxonomy?post=150"}],"curies":[{"name":"wp","href":"https:\/\/api.w.org\/{rel}","templated":true}]},"_embedded":{"wp:term":[[{"id":2,"link":"http:\/\/localhost:8080\/custom_taxonomy\/term_one\/","name":"term_one","slug":"term_one","taxonomy":"custom_taxonomy","_links":{"self":[{"href":"http:\/\/localhost:8080\/wp-json\/wp\/v2\/custom_taxonomy\/2"}],"collection":[{"href":"http:\/\/localhost:8080\/wp-json\/wp\/v2\/custom_taxonomy"}],"about":[{"href":"http:\/\/localhost:8080\/wp-json\/wp\/v2\/taxonomies\/custom_taxonomy"}],"wp:post_type":[{"href":"http:\/\/localhost:8080\/wp-json\/wp\/v2\/custom_post_type?custom_taxonomy=2"},{"href":"http:\/\/localhost:8080\/wp-json\/wp\/v2\/posts?custom_taxonomy=2"}],"curies":[{"name":"wp","href":"https:\/\/api.w.org\/{rel}","templated":true}]}},{"id":3,"link":"http:\/\/localhost:8080\/custom_taxonomy\/term_two\/","name":"term_two","slug":"term_two","taxonomy":"custom_taxonomy","_links":{"self":[{"href":"http:\/\/localhost:8080\/wp-json\/wp\/v2\/custom_taxonomy\/3"}],"collection":[{"href":"http:\/\/localhost:8080\/wp-json\/wp\/v2\/custom_taxonomy"}],"about":[{"href":"http:\/\/localhost:8080\/wp-json\/wp\/v2\/taxonomies\/custom_taxonomy"}],"wp:post_type":[{"href":"http:\/\/localhost:8080\/wp-json\/wp\/v2\/custom_post_type?custom_taxonomy=3"},{"href":"http:\/\/localhost:8080\/wp-json\/wp\/v2\/posts?custom_taxonomy=3"}],"curies":[{"name":"wp","href":"https:\/\/api.w.org\/{rel}","templated":true}]}}]]}},{"id":160,"date":"2016-03-30T00:20:03","date_gmt":"2016-03-30T00:20:03","guid":{"rendered":"http:\/\/localhost:8080\/custom_post_type\/post-57\/"},"modified":"2016-03-30T00:20:03","modified_gmt":"2016-03-30T00:20:03","slug":"post-57","type":"custom_post_type","link":"http:\/\/localhost:8080\/custom_post_type\/post-57\/","title":{"rendered":"Custom
        Post Type 57"},"content":{"rendered":"","protected":false},"template":"","custom_taxonomy":[2],"_links":{"self":[{"href":"http:\/\/localhost:8080\/wp-json\/wp\/v2\/custom_post_type\/160"}],"collection":[{"href":"http:\/\/localhost:8080\/wp-json\/wp\/v2\/custom_post_type"}],"about":[{"href":"http:\/\/localhost:8080\/wp-json\/wp\/v2\/types\/custom_post_type"}],"wp:attachment":[{"href":"http:\/\/localhost:8080\/wp-json\/wp\/v2\/media?parent=160"}],"wp:term":[{"taxonomy":"custom_taxonomy","embeddable":true,"href":"http:\/\/localhost:8080\/wp-json\/wp\/v2\/custom_taxonomy?post=160"}],"curies":[{"name":"wp","href":"https:\/\/api.w.org\/{rel}","templated":true}]},"_embedded":{"wp:term":[[{"id":2,"link":"http:\/\/localhost:8080\/custom_taxonomy\/term_one\/","name":"term_one","slug":"term_one","taxonomy":"custom_taxonomy","_links":{"self":[{"href":"http:\/\/localhost:8080\/wp-json\/wp\/v2\/custom_taxonomy\/2"}],"collection":[{"href":"http:\/\/localhost:8080\/wp-json\/wp\/v2\/custom_taxonomy"}],"about":[{"href":"http:\/\/localhost:8080\/wp-json\/wp\/v2\/taxonomies\/custom_taxonomy"}],"wp:post_type":[{"href":"http:\/\/localhost:8080\/wp-json\/wp\/v2\/custom_post_type?custom_taxonomy=2"},{"href":"http:\/\/localhost:8080\/wp-json\/wp\/v2\/posts?custom_taxonomy=2"}],"curies":[{"name":"wp","href":"https:\/\/api.w.org\/{rel}","templated":true}]}}]]}},{"id":170,"date":"2016-03-30T00:20:03","date_gmt":"2016-03-30T00:20:03","guid":{"rendered":"http:\/\/localhost:8080\/custom_post_type\/post-67\/"},"modified":"2016-03-30T00:20:03","modified_gmt":"2016-03-30T00:20:03","slug":"post-67","type":"custom_post_type","link":"http:\/\/localhost:8080\/custom_post_type\/post-67\/","title":{"rendered":"Custom
        Post Type 67"},"content":{"rendered":"","protected":false},"template":"","custom_taxonomy":[2,3],"_links":{"self":[{"href":"http:\/\/localhost:8080\/wp-json\/wp\/v2\/custom_post_type\/170"}],"collection":[{"href":"http:\/\/localhost:8080\/wp-json\/wp\/v2\/custom_post_type"}],"about":[{"href":"http:\/\/localhost:8080\/wp-json\/wp\/v2\/types\/custom_post_type"}],"wp:attachment":[{"href":"http:\/\/localhost:8080\/wp-json\/wp\/v2\/media?parent=170"}],"wp:term":[{"taxonomy":"custom_taxonomy","embeddable":true,"href":"http:\/\/localhost:8080\/wp-json\/wp\/v2\/custom_taxonomy?post=170"}],"curies":[{"name":"wp","href":"https:\/\/api.w.org\/{rel}","templated":true}]},"_embedded":{"wp:term":[[{"id":2,"link":"http:\/\/localhost:8080\/custom_taxonomy\/term_one\/","name":"term_one","slug":"term_one","taxonomy":"custom_taxonomy","_links":{"self":[{"href":"http:\/\/localhost:8080\/wp-json\/wp\/v2\/custom_taxonomy\/2"}],"collection":[{"href":"http:\/\/localhost:8080\/wp-json\/wp\/v2\/custom_taxonomy"}],"about":[{"href":"http:\/\/localhost:8080\/wp-json\/wp\/v2\/taxonomies\/custom_taxonomy"}],"wp:post_type":[{"href":"http:\/\/localhost:8080\/wp-json\/wp\/v2\/custom_post_type?custom_taxonomy=2"},{"href":"http:\/\/localhost:8080\/wp-json\/wp\/v2\/posts?custom_taxonomy=2"}],"curies":[{"name":"wp","href":"https:\/\/api.w.org\/{rel}","templated":true}]}},{"id":3,"link":"http:\/\/localhost:8080\/custom_taxonomy\/term_two\/","name":"term_two","slug":"term_two","taxonomy":"custom_taxonomy","_links":{"self":[{"href":"http:\/\/localhost:8080\/wp-json\/wp\/v2\/custom_taxonomy\/3"}],"collection":[{"href":"http:\/\/localhost:8080\/wp-json\/wp\/v2\/custom_taxonomy"}],"about":[{"href":"http:\/\/localhost:8080\/wp-json\/wp\/v2\/taxonomies\/custom_taxonomy"}],"wp:post_type":[{"href":"http:\/\/localhost:8080\/wp-json\/wp\/v2\/custom_post_type?custom_taxonomy=3"},{"href":"http:\/\/localhost:8080\/wp-json\/wp\/v2\/posts?custom_taxonomy=3"}],"curies":[{"name":"wp","href":"https:\/\/api.w.org\/{rel}","templated":true}]}}]]}},{"id":180,"date":"2016-03-30T00:20:03","date_gmt":"2016-03-30T00:20:03","guid":{"rendered":"http:\/\/localhost:8080\/custom_post_type\/post-77\/"},"modified":"2016-03-30T00:20:03","modified_gmt":"2016-03-30T00:20:03","slug":"post-77","type":"custom_post_type","link":"http:\/\/localhost:8080\/custom_post_type\/post-77\/","title":{"rendered":"Custom
        Post Type 77"},"content":{"rendered":"","protected":false},"template":"","custom_taxonomy":[2],"_links":{"self":[{"href":"http:\/\/localhost:8080\/wp-json\/wp\/v2\/custom_post_type\/180"}],"collection":[{"href":"http:\/\/localhost:8080\/wp-json\/wp\/v2\/custom_post_type"}],"about":[{"href":"http:\/\/localhost:8080\/wp-json\/wp\/v2\/types\/custom_post_type"}],"wp:attachment":[{"href":"http:\/\/localhost:8080\/wp-json\/wp\/v2\/media?parent=180"}],"wp:term":[{"taxonomy":"custom_taxonomy","embeddable":true,"href":"http:\/\/localhost:8080\/wp-json\/wp\/v2\/custom_taxonomy?post=180"}],"curies":[{"name":"wp","href":"https:\/\/api.w.org\/{rel}","templated":true}]},"_embedded":{"wp:term":[[{"id":2,"link":"http:\/\/localhost:8080\/custom_taxonomy\/term_one\/","name":"term_one","slug":"term_one","taxonomy":"custom_taxonomy","_links":{"self":[{"href":"http:\/\/localhost:8080\/wp-json\/wp\/v2\/custom_taxonomy\/2"}],"collection":[{"href":"http:\/\/localhost:8080\/wp-json\/wp\/v2\/custom_taxonomy"}],"about":[{"href":"http:\/\/localhost:8080\/wp-json\/wp\/v2\/taxonomies\/custom_taxonomy"}],"wp:post_type":[{"href":"http:\/\/localhost:8080\/wp-json\/wp\/v2\/custom_post_type?custom_taxonomy=2"},{"href":"http:\/\/localhost:8080\/wp-json\/wp\/v2\/posts?custom_taxonomy=2"}],"curies":[{"name":"wp","href":"https:\/\/api.w.org\/{rel}","templated":true}]}}]]}},{"id":190,"date":"2016-03-30T00:20:03","date_gmt":"2016-03-30T00:20:03","guid":{"rendered":"http:\/\/localhost:8080\/custom_post_type\/post-87\/"},"modified":"2016-03-30T00:20:03","modified_gmt":"2016-03-30T00:20:03","slug":"post-87","type":"custom_post_type","link":"http:\/\/localhost:8080\/custom_post_type\/post-87\/","title":{"rendered":"Custom
        Post Type 87"},"content":{"rendered":"","protected":false},"template":"","custom_taxonomy":[2,3],"_links":{"self":[{"href":"http:\/\/localhost:8080\/wp-json\/wp\/v2\/custom_post_type\/190"}],"collection":[{"href":"http:\/\/localhost:8080\/wp-json\/wp\/v2\/custom_post_type"}],"about":[{"href":"http:\/\/localhost:8080\/wp-json\/wp\/v2\/types\/custom_post_type"}],"wp:attachment":[{"href":"http:\/\/localhost:8080\/wp-json\/wp\/v2\/media?parent=190"}],"wp:term":[{"taxonomy":"custom_taxonomy","embeddable":true,"href":"http:\/\/localhost:8080\/wp-json\/wp\/v2\/custom_taxonomy?post=190"}],"curies":[{"name":"wp","href":"https:\/\/api.w.org\/{rel}","templated":true}]},"_embedded":{"wp:term":[[{"id":2,"link":"http:\/\/localhost:8080\/custom_taxonomy\/term_one\/","name":"term_one","slug":"term_one","taxonomy":"custom_taxonomy","_links":{"self":[{"href":"http:\/\/localhost:8080\/wp-json\/wp\/v2\/custom_taxonomy\/2"}],"collection":[{"href":"http:\/\/localhost:8080\/wp-json\/wp\/v2\/custom_taxonomy"}],"about":[{"href":"http:\/\/localhost:8080\/wp-json\/wp\/v2\/taxonomies\/custom_taxonomy"}],"wp:post_type":[{"href":"http:\/\/localhost:8080\/wp-json\/wp\/v2\/custom_post_type?custom_taxonomy=2"},{"href":"http:\/\/localhost:8080\/wp-json\/wp\/v2\/posts?custom_taxonomy=2"}],"curies":[{"name":"wp","href":"https:\/\/api.w.org\/{rel}","templated":true}]}},{"id":3,"link":"http:\/\/localhost:8080\/custom_taxonomy\/term_two\/","name":"term_two","slug":"term_two","taxonomy":"custom_taxonomy","_links":{"self":[{"href":"http:\/\/localhost:8080\/wp-json\/wp\/v2\/custom_taxonomy\/3"}],"collection":[{"href":"http:\/\/localhost:8080\/wp-json\/wp\/v2\/custom_taxonomy"}],"about":[{"href":"http:\/\/localhost:8080\/wp-json\/wp\/v2\/taxonomies\/custom_taxonomy"}],"wp:post_type":[{"href":"http:\/\/localhost:8080\/wp-json\/wp\/v2\/custom_post_type?custom_taxonomy=3"},{"href":"http:\/\/localhost:8080\/wp-json\/wp\/v2\/posts?custom_taxonomy=3"}],"curies":[{"name":"wp","href":"https:\/\/api.w.org\/{rel}","templated":true}]}}]]}},{"id":200,"date":"2016-03-30T00:20:03","date_gmt":"2016-03-30T00:20:03","guid":{"rendered":"http:\/\/localhost:8080\/custom_post_type\/post-97\/"},"modified":"2016-03-30T00:20:03","modified_gmt":"2016-03-30T00:20:03","slug":"post-97","type":"custom_post_type","link":"http:\/\/localhost:8080\/custom_post_type\/post-97\/","title":{"rendered":"Custom
        Post Type 97"},"content":{"rendered":"","protected":false},"template":"","custom_taxonomy":[2],"_links":{"self":[{"href":"http:\/\/localhost:8080\/wp-json\/wp\/v2\/custom_post_type\/200"}],"collection":[{"href":"http:\/\/localhost:8080\/wp-json\/wp\/v2\/custom_post_type"}],"about":[{"href":"http:\/\/localhost:8080\/wp-json\/wp\/v2\/types\/custom_post_type"}],"wp:attachment":[{"href":"http:\/\/localhost:8080\/wp-json\/wp\/v2\/media?parent=200"}],"wp:term":[{"taxonomy":"custom_taxonomy","embeddable":true,"href":"http:\/\/localhost:8080\/wp-json\/wp\/v2\/custom_taxonomy?post=200"}],"curies":[{"name":"wp","href":"https:\/\/api.w.org\/{rel}","templated":true}]},"_embedded":{"wp:term":[[{"id":2,"link":"http:\/\/localhost:8080\/custom_taxonomy\/term_one\/","name":"term_one","slug":"term_one","taxonomy":"custom_taxonomy","_links":{"self":[{"href":"http:\/\/localhost:8080\/wp-json\/wp\/v2\/custom_taxonomy\/2"}],"collection":[{"href":"http:\/\/localhost:8080\/wp-json\/wp\/v2\/custom_taxonomy"}],"about":[{"href":"http:\/\/localhost:8080\/wp-json\/wp\/v2\/taxonomies\/custom_taxonomy"}],"wp:post_type":[{"href":"http:\/\/localhost:8080\/wp-json\/wp\/v2\/custom_post_type?custom_taxonomy=2"},{"href":"http:\/\/localhost:8080\/wp-json\/wp\/v2\/posts?custom_taxonomy=2"}],"curies":[{"name":"wp","href":"https:\/\/api.w.org\/{rel}","templated":true}]}}]]}}]'
    http_version: 
  recorded_at: Mon, 20 Feb 2017 22:16:46 GMT
- request:
    method: get
    uri: http://localhost:8080/wp-json/wp/v2/posts?_embed=true&custom_taxonomy=2
    body:
      encoding: US-ASCII
      string: ''
    headers:
      User-Agent:
      - Faraday v0.11.0
      Authorization:
      - OAuth oauth_consumer_key="DJyagPXmjMxO", oauth_nonce="52e4184dfafdf79439ed299b495cde3b",
        oauth_signature="3C%2BPc2yGzz1z6nKWGio4ED1lxbc%3D", oauth_signature_method="HMAC-SHA1",
        oauth_timestamp="1487629006", oauth_token="8w2Q6IJj63OB01FmNlu6WA5A", oauth_version="1.0"
      Expect:
      - ''
  response:
    status:
      code: 200
      message: OK
    headers:
      Host:
      - localhost:8080
      Connection:
      - close
      X-Powered-By:
      - PHP/5.6.26
      Content-Type:
      - application/json; charset=UTF-8
      X-Robots-Tag:
      - noindex
      Link:
      - <http://localhost:8080/wp-json/>; rel="https://api.w.org/"
      X-Content-Type-Options:
      - nosniff
      Access-Control-Expose-Headers:
      - X-WP-Total, X-WP-TotalPages
      Access-Control-Allow-Headers:
      - Authorization, Content-Type
      Expires:
      - Wed, 11 Jan 1984 05:00:00 GMT
      Cache-Control:
      - no-cache, must-revalidate, max-age=0
      Last-Modified:
      - ''
      X-Wp-Total:
      - '10'
      X-Wp-Totalpages:
      - '1'
      Allow:
      - GET, POST
    body:
      encoding: UTF-8
      string: '[{"id":10,"date":"2016-03-30T00:20:02","date_gmt":"2016-03-30T00:20:02","guid":{"rendered":"http:\/\/localhost:8080\/%post%\/"},"modified":"2016-03-30T00:20:02","modified_gmt":"2016-03-30T00:20:02","slug":"post-8","type":"post","link":"http:\/\/localhost:8080\/%post%\/","title":{"rendered":"Post
        8"},"content":{"rendered":"","protected":false},"excerpt":{"rendered":"","protected":false},"author":0,"featured_media":0,"comment_status":"open","ping_status":"open","sticky":false,"template":"","format":"standard","meta":[],"categories":[1],"tags":[],"custom_taxonomy":[2,3],"_links":{"self":[{"href":"http:\/\/localhost:8080\/wp-json\/wp\/v2\/posts\/10"}],"collection":[{"href":"http:\/\/localhost:8080\/wp-json\/wp\/v2\/posts"}],"about":[{"href":"http:\/\/localhost:8080\/wp-json\/wp\/v2\/types\/post"}],"replies":[{"embeddable":true,"href":"http:\/\/localhost:8080\/wp-json\/wp\/v2\/comments?post=10"}],"version-history":[{"href":"http:\/\/localhost:8080\/wp-json\/wp\/v2\/posts\/10\/revisions"}],"wp:attachment":[{"href":"http:\/\/localhost:8080\/wp-json\/wp\/v2\/media?parent=10"}],"wp:term":[{"taxonomy":"category","embeddable":true,"href":"http:\/\/localhost:8080\/wp-json\/wp\/v2\/categories?post=10"},{"taxonomy":"post_tag","embeddable":true,"href":"http:\/\/localhost:8080\/wp-json\/wp\/v2\/tags?post=10"},{"taxonomy":"custom_taxonomy","embeddable":true,"href":"http:\/\/localhost:8080\/wp-json\/wp\/v2\/custom_taxonomy?post=10"}],"wp:meta":[{"embeddable":true,"href":"http:\/\/localhost:8080\/wp-json\/wp\/v2\/posts\/10\/meta"}],"curies":[{"name":"wp","href":"https:\/\/api.w.org\/{rel}","templated":true}]},"_embedded":{"wp:term":[[{"id":1,"link":"http:\/\/localhost:8080\/category\/uncategorized\/","name":"Uncategorized","slug":"uncategorized","taxonomy":"category","_links":{"self":[{"href":"http:\/\/localhost:8080\/wp-json\/wp\/v2\/categories\/1"}],"collection":[{"href":"http:\/\/localhost:8080\/wp-json\/wp\/v2\/categories"}],"about":[{"href":"http:\/\/localhost:8080\/wp-json\/wp\/v2\/taxonomies\/category"}],"wp:post_type":[{"href":"http:\/\/localhost:8080\/wp-json\/wp\/v2\/posts?categories=1"}],"curies":[{"name":"wp","href":"https:\/\/api.w.org\/{rel}","templated":true}]}}],[],[{"id":2,"link":"http:\/\/localhost:8080\/custom_taxonomy\/term_one\/","name":"term_one","slug":"term_one","taxonomy":"custom_taxonomy","_links":{"self":[{"href":"http:\/\/localhost:8080\/wp-json\/wp\/v2\/custom_taxonomy\/2"}],"collection":[{"href":"http:\/\/localhost:8080\/wp-json\/wp\/v2\/custom_taxonomy"}],"about":[{"href":"http:\/\/localhost:8080\/wp-json\/wp\/v2\/taxonomies\/custom_taxonomy"}],"wp:post_type":[{"href":"http:\/\/localhost:8080\/wp-json\/wp\/v2\/custom_post_type?custom_taxonomy=2"},{"href":"http:\/\/localhost:8080\/wp-json\/wp\/v2\/posts?custom_taxonomy=2"}],"curies":[{"name":"wp","href":"https:\/\/api.w.org\/{rel}","templated":true}]}},{"id":3,"link":"http:\/\/localhost:8080\/custom_taxonomy\/term_two\/","name":"term_two","slug":"term_two","taxonomy":"custom_taxonomy","_links":{"self":[{"href":"http:\/\/localhost:8080\/wp-json\/wp\/v2\/custom_taxonomy\/3"}],"collection":[{"href":"http:\/\/localhost:8080\/wp-json\/wp\/v2\/custom_taxonomy"}],"about":[{"href":"http:\/\/localhost:8080\/wp-json\/wp\/v2\/taxonomies\/custom_taxonomy"}],"wp:post_type":[{"href":"http:\/\/localhost:8080\/wp-json\/wp\/v2\/custom_post_type?custom_taxonomy=3"},{"href":"http:\/\/localhost:8080\/wp-json\/wp\/v2\/posts?custom_taxonomy=3"}],"curies":[{"name":"wp","href":"https:\/\/api.w.org\/{rel}","templated":true}]}}]],"wp:meta":[{"code":"rest_invalid_param","message":"Invalid
        parameter(s): context","data":{"status":400,"params":{"context":"context is
        not one of edit."}}}]}},{"id":20,"date":"2016-03-30T00:20:02","date_gmt":"2016-03-30T00:20:02","guid":{"rendered":"http:\/\/localhost:8080\/%post%\/"},"modified":"2016-03-30T00:20:02","modified_gmt":"2016-03-30T00:20:02","slug":"post-18","type":"post","link":"http:\/\/localhost:8080\/%post%\/","title":{"rendered":"Post
        18"},"content":{"rendered":"","protected":false},"excerpt":{"rendered":"","protected":false},"author":0,"featured_media":0,"comment_status":"open","ping_status":"open","sticky":false,"template":"","format":"standard","meta":[],"categories":[1],"tags":[],"custom_taxonomy":[2],"_links":{"self":[{"href":"http:\/\/localhost:8080\/wp-json\/wp\/v2\/posts\/20"}],"collection":[{"href":"http:\/\/localhost:8080\/wp-json\/wp\/v2\/posts"}],"about":[{"href":"http:\/\/localhost:8080\/wp-json\/wp\/v2\/types\/post"}],"replies":[{"embeddable":true,"href":"http:\/\/localhost:8080\/wp-json\/wp\/v2\/comments?post=20"}],"version-history":[{"href":"http:\/\/localhost:8080\/wp-json\/wp\/v2\/posts\/20\/revisions"}],"wp:attachment":[{"href":"http:\/\/localhost:8080\/wp-json\/wp\/v2\/media?parent=20"}],"wp:term":[{"taxonomy":"category","embeddable":true,"href":"http:\/\/localhost:8080\/wp-json\/wp\/v2\/categories?post=20"},{"taxonomy":"post_tag","embeddable":true,"href":"http:\/\/localhost:8080\/wp-json\/wp\/v2\/tags?post=20"},{"taxonomy":"custom_taxonomy","embeddable":true,"href":"http:\/\/localhost:8080\/wp-json\/wp\/v2\/custom_taxonomy?post=20"}],"wp:meta":[{"embeddable":true,"href":"http:\/\/localhost:8080\/wp-json\/wp\/v2\/posts\/20\/meta"}],"curies":[{"name":"wp","href":"https:\/\/api.w.org\/{rel}","templated":true}]},"_embedded":{"wp:term":[[{"id":1,"link":"http:\/\/localhost:8080\/category\/uncategorized\/","name":"Uncategorized","slug":"uncategorized","taxonomy":"category","_links":{"self":[{"href":"http:\/\/localhost:8080\/wp-json\/wp\/v2\/categories\/1"}],"collection":[{"href":"http:\/\/localhost:8080\/wp-json\/wp\/v2\/categories"}],"about":[{"href":"http:\/\/localhost:8080\/wp-json\/wp\/v2\/taxonomies\/category"}],"wp:post_type":[{"href":"http:\/\/localhost:8080\/wp-json\/wp\/v2\/posts?categories=1"}],"curies":[{"name":"wp","href":"https:\/\/api.w.org\/{rel}","templated":true}]}}],[],[{"id":2,"link":"http:\/\/localhost:8080\/custom_taxonomy\/term_one\/","name":"term_one","slug":"term_one","taxonomy":"custom_taxonomy","_links":{"self":[{"href":"http:\/\/localhost:8080\/wp-json\/wp\/v2\/custom_taxonomy\/2"}],"collection":[{"href":"http:\/\/localhost:8080\/wp-json\/wp\/v2\/custom_taxonomy"}],"about":[{"href":"http:\/\/localhost:8080\/wp-json\/wp\/v2\/taxonomies\/custom_taxonomy"}],"wp:post_type":[{"href":"http:\/\/localhost:8080\/wp-json\/wp\/v2\/custom_post_type?custom_taxonomy=2"},{"href":"http:\/\/localhost:8080\/wp-json\/wp\/v2\/posts?custom_taxonomy=2"}],"curies":[{"name":"wp","href":"https:\/\/api.w.org\/{rel}","templated":true}]}}]],"wp:meta":[{"code":"rest_invalid_param","message":"Invalid
        parameter(s): context","data":{"status":400,"params":{"context":"context is
        not one of edit."}}}]}},{"id":30,"date":"2016-03-30T00:20:02","date_gmt":"2016-03-30T00:20:02","guid":{"rendered":"http:\/\/localhost:8080\/%post%\/"},"modified":"2016-03-30T00:20:02","modified_gmt":"2016-03-30T00:20:02","slug":"post-28","type":"post","link":"http:\/\/localhost:8080\/%post%\/","title":{"rendered":"Post
        28"},"content":{"rendered":"","protected":false},"excerpt":{"rendered":"","protected":false},"author":0,"featured_media":0,"comment_status":"open","ping_status":"open","sticky":false,"template":"","format":"standard","meta":[],"categories":[1],"tags":[],"custom_taxonomy":[2,3],"_links":{"self":[{"href":"http:\/\/localhost:8080\/wp-json\/wp\/v2\/posts\/30"}],"collection":[{"href":"http:\/\/localhost:8080\/wp-json\/wp\/v2\/posts"}],"about":[{"href":"http:\/\/localhost:8080\/wp-json\/wp\/v2\/types\/post"}],"replies":[{"embeddable":true,"href":"http:\/\/localhost:8080\/wp-json\/wp\/v2\/comments?post=30"}],"version-history":[{"href":"http:\/\/localhost:8080\/wp-json\/wp\/v2\/posts\/30\/revisions"}],"wp:attachment":[{"href":"http:\/\/localhost:8080\/wp-json\/wp\/v2\/media?parent=30"}],"wp:term":[{"taxonomy":"category","embeddable":true,"href":"http:\/\/localhost:8080\/wp-json\/wp\/v2\/categories?post=30"},{"taxonomy":"post_tag","embeddable":true,"href":"http:\/\/localhost:8080\/wp-json\/wp\/v2\/tags?post=30"},{"taxonomy":"custom_taxonomy","embeddable":true,"href":"http:\/\/localhost:8080\/wp-json\/wp\/v2\/custom_taxonomy?post=30"}],"wp:meta":[{"embeddable":true,"href":"http:\/\/localhost:8080\/wp-json\/wp\/v2\/posts\/30\/meta"}],"curies":[{"name":"wp","href":"https:\/\/api.w.org\/{rel}","templated":true}]},"_embedded":{"wp:term":[[{"id":1,"link":"http:\/\/localhost:8080\/category\/uncategorized\/","name":"Uncategorized","slug":"uncategorized","taxonomy":"category","_links":{"self":[{"href":"http:\/\/localhost:8080\/wp-json\/wp\/v2\/categories\/1"}],"collection":[{"href":"http:\/\/localhost:8080\/wp-json\/wp\/v2\/categories"}],"about":[{"href":"http:\/\/localhost:8080\/wp-json\/wp\/v2\/taxonomies\/category"}],"wp:post_type":[{"href":"http:\/\/localhost:8080\/wp-json\/wp\/v2\/posts?categories=1"}],"curies":[{"name":"wp","href":"https:\/\/api.w.org\/{rel}","templated":true}]}}],[],[{"id":2,"link":"http:\/\/localhost:8080\/custom_taxonomy\/term_one\/","name":"term_one","slug":"term_one","taxonomy":"custom_taxonomy","_links":{"self":[{"href":"http:\/\/localhost:8080\/wp-json\/wp\/v2\/custom_taxonomy\/2"}],"collection":[{"href":"http:\/\/localhost:8080\/wp-json\/wp\/v2\/custom_taxonomy"}],"about":[{"href":"http:\/\/localhost:8080\/wp-json\/wp\/v2\/taxonomies\/custom_taxonomy"}],"wp:post_type":[{"href":"http:\/\/localhost:8080\/wp-json\/wp\/v2\/custom_post_type?custom_taxonomy=2"},{"href":"http:\/\/localhost:8080\/wp-json\/wp\/v2\/posts?custom_taxonomy=2"}],"curies":[{"name":"wp","href":"https:\/\/api.w.org\/{rel}","templated":true}]}},{"id":3,"link":"http:\/\/localhost:8080\/custom_taxonomy\/term_two\/","name":"term_two","slug":"term_two","taxonomy":"custom_taxonomy","_links":{"self":[{"href":"http:\/\/localhost:8080\/wp-json\/wp\/v2\/custom_taxonomy\/3"}],"collection":[{"href":"http:\/\/localhost:8080\/wp-json\/wp\/v2\/custom_taxonomy"}],"about":[{"href":"http:\/\/localhost:8080\/wp-json\/wp\/v2\/taxonomies\/custom_taxonomy"}],"wp:post_type":[{"href":"http:\/\/localhost:8080\/wp-json\/wp\/v2\/custom_post_type?custom_taxonomy=3"},{"href":"http:\/\/localhost:8080\/wp-json\/wp\/v2\/posts?custom_taxonomy=3"}],"curies":[{"name":"wp","href":"https:\/\/api.w.org\/{rel}","templated":true}]}}]],"wp:meta":[{"code":"rest_invalid_param","message":"Invalid
        parameter(s): context","data":{"status":400,"params":{"context":"context is
        not one of edit."}}}]}},{"id":40,"date":"2016-03-30T00:20:02","date_gmt":"2016-03-30T00:20:02","guid":{"rendered":"http:\/\/localhost:8080\/%post%\/"},"modified":"2016-03-30T00:20:02","modified_gmt":"2016-03-30T00:20:02","slug":"post-38","type":"post","link":"http:\/\/localhost:8080\/%post%\/","title":{"rendered":"Post
        38"},"content":{"rendered":"","protected":false},"excerpt":{"rendered":"","protected":false},"author":0,"featured_media":0,"comment_status":"open","ping_status":"open","sticky":false,"template":"","format":"standard","meta":[],"categories":[1],"tags":[],"custom_taxonomy":[2],"_links":{"self":[{"href":"http:\/\/localhost:8080\/wp-json\/wp\/v2\/posts\/40"}],"collection":[{"href":"http:\/\/localhost:8080\/wp-json\/wp\/v2\/posts"}],"about":[{"href":"http:\/\/localhost:8080\/wp-json\/wp\/v2\/types\/post"}],"replies":[{"embeddable":true,"href":"http:\/\/localhost:8080\/wp-json\/wp\/v2\/comments?post=40"}],"version-history":[{"href":"http:\/\/localhost:8080\/wp-json\/wp\/v2\/posts\/40\/revisions"}],"wp:attachment":[{"href":"http:\/\/localhost:8080\/wp-json\/wp\/v2\/media?parent=40"}],"wp:term":[{"taxonomy":"category","embeddable":true,"href":"http:\/\/localhost:8080\/wp-json\/wp\/v2\/categories?post=40"},{"taxonomy":"post_tag","embeddable":true,"href":"http:\/\/localhost:8080\/wp-json\/wp\/v2\/tags?post=40"},{"taxonomy":"custom_taxonomy","embeddable":true,"href":"http:\/\/localhost:8080\/wp-json\/wp\/v2\/custom_taxonomy?post=40"}],"wp:meta":[{"embeddable":true,"href":"http:\/\/localhost:8080\/wp-json\/wp\/v2\/posts\/40\/meta"}],"curies":[{"name":"wp","href":"https:\/\/api.w.org\/{rel}","templated":true}]},"_embedded":{"wp:term":[[{"id":1,"link":"http:\/\/localhost:8080\/category\/uncategorized\/","name":"Uncategorized","slug":"uncategorized","taxonomy":"category","_links":{"self":[{"href":"http:\/\/localhost:8080\/wp-json\/wp\/v2\/categories\/1"}],"collection":[{"href":"http:\/\/localhost:8080\/wp-json\/wp\/v2\/categories"}],"about":[{"href":"http:\/\/localhost:8080\/wp-json\/wp\/v2\/taxonomies\/category"}],"wp:post_type":[{"href":"http:\/\/localhost:8080\/wp-json\/wp\/v2\/posts?categories=1"}],"curies":[{"name":"wp","href":"https:\/\/api.w.org\/{rel}","templated":true}]}}],[],[{"id":2,"link":"http:\/\/localhost:8080\/custom_taxonomy\/term_one\/","name":"term_one","slug":"term_one","taxonomy":"custom_taxonomy","_links":{"self":[{"href":"http:\/\/localhost:8080\/wp-json\/wp\/v2\/custom_taxonomy\/2"}],"collection":[{"href":"http:\/\/localhost:8080\/wp-json\/wp\/v2\/custom_taxonomy"}],"about":[{"href":"http:\/\/localhost:8080\/wp-json\/wp\/v2\/taxonomies\/custom_taxonomy"}],"wp:post_type":[{"href":"http:\/\/localhost:8080\/wp-json\/wp\/v2\/custom_post_type?custom_taxonomy=2"},{"href":"http:\/\/localhost:8080\/wp-json\/wp\/v2\/posts?custom_taxonomy=2"}],"curies":[{"name":"wp","href":"https:\/\/api.w.org\/{rel}","templated":true}]}}]],"wp:meta":[{"code":"rest_invalid_param","message":"Invalid
        parameter(s): context","data":{"status":400,"params":{"context":"context is
        not one of edit."}}}]}},{"id":50,"date":"2016-03-30T00:20:02","date_gmt":"2016-03-30T00:20:02","guid":{"rendered":"http:\/\/localhost:8080\/%post%\/"},"modified":"2016-03-30T00:20:02","modified_gmt":"2016-03-30T00:20:02","slug":"post-48","type":"post","link":"http:\/\/localhost:8080\/%post%\/","title":{"rendered":"Post
        48"},"content":{"rendered":"","protected":false},"excerpt":{"rendered":"","protected":false},"author":0,"featured_media":0,"comment_status":"open","ping_status":"open","sticky":false,"template":"","format":"standard","meta":[],"categories":[1],"tags":[],"custom_taxonomy":[2,3],"_links":{"self":[{"href":"http:\/\/localhost:8080\/wp-json\/wp\/v2\/posts\/50"}],"collection":[{"href":"http:\/\/localhost:8080\/wp-json\/wp\/v2\/posts"}],"about":[{"href":"http:\/\/localhost:8080\/wp-json\/wp\/v2\/types\/post"}],"replies":[{"embeddable":true,"href":"http:\/\/localhost:8080\/wp-json\/wp\/v2\/comments?post=50"}],"version-history":[{"href":"http:\/\/localhost:8080\/wp-json\/wp\/v2\/posts\/50\/revisions"}],"wp:attachment":[{"href":"http:\/\/localhost:8080\/wp-json\/wp\/v2\/media?parent=50"}],"wp:term":[{"taxonomy":"category","embeddable":true,"href":"http:\/\/localhost:8080\/wp-json\/wp\/v2\/categories?post=50"},{"taxonomy":"post_tag","embeddable":true,"href":"http:\/\/localhost:8080\/wp-json\/wp\/v2\/tags?post=50"},{"taxonomy":"custom_taxonomy","embeddable":true,"href":"http:\/\/localhost:8080\/wp-json\/wp\/v2\/custom_taxonomy?post=50"}],"wp:meta":[{"embeddable":true,"href":"http:\/\/localhost:8080\/wp-json\/wp\/v2\/posts\/50\/meta"}],"curies":[{"name":"wp","href":"https:\/\/api.w.org\/{rel}","templated":true}]},"_embedded":{"wp:term":[[{"id":1,"link":"http:\/\/localhost:8080\/category\/uncategorized\/","name":"Uncategorized","slug":"uncategorized","taxonomy":"category","_links":{"self":[{"href":"http:\/\/localhost:8080\/wp-json\/wp\/v2\/categories\/1"}],"collection":[{"href":"http:\/\/localhost:8080\/wp-json\/wp\/v2\/categories"}],"about":[{"href":"http:\/\/localhost:8080\/wp-json\/wp\/v2\/taxonomies\/category"}],"wp:post_type":[{"href":"http:\/\/localhost:8080\/wp-json\/wp\/v2\/posts?categories=1"}],"curies":[{"name":"wp","href":"https:\/\/api.w.org\/{rel}","templated":true}]}}],[],[{"id":2,"link":"http:\/\/localhost:8080\/custom_taxonomy\/term_one\/","name":"term_one","slug":"term_one","taxonomy":"custom_taxonomy","_links":{"self":[{"href":"http:\/\/localhost:8080\/wp-json\/wp\/v2\/custom_taxonomy\/2"}],"collection":[{"href":"http:\/\/localhost:8080\/wp-json\/wp\/v2\/custom_taxonomy"}],"about":[{"href":"http:\/\/localhost:8080\/wp-json\/wp\/v2\/taxonomies\/custom_taxonomy"}],"wp:post_type":[{"href":"http:\/\/localhost:8080\/wp-json\/wp\/v2\/custom_post_type?custom_taxonomy=2"},{"href":"http:\/\/localhost:8080\/wp-json\/wp\/v2\/posts?custom_taxonomy=2"}],"curies":[{"name":"wp","href":"https:\/\/api.w.org\/{rel}","templated":true}]}},{"id":3,"link":"http:\/\/localhost:8080\/custom_taxonomy\/term_two\/","name":"term_two","slug":"term_two","taxonomy":"custom_taxonomy","_links":{"self":[{"href":"http:\/\/localhost:8080\/wp-json\/wp\/v2\/custom_taxonomy\/3"}],"collection":[{"href":"http:\/\/localhost:8080\/wp-json\/wp\/v2\/custom_taxonomy"}],"about":[{"href":"http:\/\/localhost:8080\/wp-json\/wp\/v2\/taxonomies\/custom_taxonomy"}],"wp:post_type":[{"href":"http:\/\/localhost:8080\/wp-json\/wp\/v2\/custom_post_type?custom_taxonomy=3"},{"href":"http:\/\/localhost:8080\/wp-json\/wp\/v2\/posts?custom_taxonomy=3"}],"curies":[{"name":"wp","href":"https:\/\/api.w.org\/{rel}","templated":true}]}}]],"wp:meta":[{"code":"rest_invalid_param","message":"Invalid
        parameter(s): context","data":{"status":400,"params":{"context":"context is
        not one of edit."}}}]}},{"id":60,"date":"2016-03-30T00:20:02","date_gmt":"2016-03-30T00:20:02","guid":{"rendered":"http:\/\/localhost:8080\/%post%\/"},"modified":"2016-03-30T00:20:02","modified_gmt":"2016-03-30T00:20:02","slug":"post-58","type":"post","link":"http:\/\/localhost:8080\/%post%\/","title":{"rendered":"Post
        58"},"content":{"rendered":"","protected":false},"excerpt":{"rendered":"","protected":false},"author":0,"featured_media":0,"comment_status":"open","ping_status":"open","sticky":false,"template":"","format":"standard","meta":[],"categories":[1],"tags":[],"custom_taxonomy":[2],"_links":{"self":[{"href":"http:\/\/localhost:8080\/wp-json\/wp\/v2\/posts\/60"}],"collection":[{"href":"http:\/\/localhost:8080\/wp-json\/wp\/v2\/posts"}],"about":[{"href":"http:\/\/localhost:8080\/wp-json\/wp\/v2\/types\/post"}],"replies":[{"embeddable":true,"href":"http:\/\/localhost:8080\/wp-json\/wp\/v2\/comments?post=60"}],"version-history":[{"href":"http:\/\/localhost:8080\/wp-json\/wp\/v2\/posts\/60\/revisions"}],"wp:attachment":[{"href":"http:\/\/localhost:8080\/wp-json\/wp\/v2\/media?parent=60"}],"wp:term":[{"taxonomy":"category","embeddable":true,"href":"http:\/\/localhost:8080\/wp-json\/wp\/v2\/categories?post=60"},{"taxonomy":"post_tag","embeddable":true,"href":"http:\/\/localhost:8080\/wp-json\/wp\/v2\/tags?post=60"},{"taxonomy":"custom_taxonomy","embeddable":true,"href":"http:\/\/localhost:8080\/wp-json\/wp\/v2\/custom_taxonomy?post=60"}],"wp:meta":[{"embeddable":true,"href":"http:\/\/localhost:8080\/wp-json\/wp\/v2\/posts\/60\/meta"}],"curies":[{"name":"wp","href":"https:\/\/api.w.org\/{rel}","templated":true}]},"_embedded":{"wp:term":[[{"id":1,"link":"http:\/\/localhost:8080\/category\/uncategorized\/","name":"Uncategorized","slug":"uncategorized","taxonomy":"category","_links":{"self":[{"href":"http:\/\/localhost:8080\/wp-json\/wp\/v2\/categories\/1"}],"collection":[{"href":"http:\/\/localhost:8080\/wp-json\/wp\/v2\/categories"}],"about":[{"href":"http:\/\/localhost:8080\/wp-json\/wp\/v2\/taxonomies\/category"}],"wp:post_type":[{"href":"http:\/\/localhost:8080\/wp-json\/wp\/v2\/posts?categories=1"}],"curies":[{"name":"wp","href":"https:\/\/api.w.org\/{rel}","templated":true}]}}],[],[{"id":2,"link":"http:\/\/localhost:8080\/custom_taxonomy\/term_one\/","name":"term_one","slug":"term_one","taxonomy":"custom_taxonomy","_links":{"self":[{"href":"http:\/\/localhost:8080\/wp-json\/wp\/v2\/custom_taxonomy\/2"}],"collection":[{"href":"http:\/\/localhost:8080\/wp-json\/wp\/v2\/custom_taxonomy"}],"about":[{"href":"http:\/\/localhost:8080\/wp-json\/wp\/v2\/taxonomies\/custom_taxonomy"}],"wp:post_type":[{"href":"http:\/\/localhost:8080\/wp-json\/wp\/v2\/custom_post_type?custom_taxonomy=2"},{"href":"http:\/\/localhost:8080\/wp-json\/wp\/v2\/posts?custom_taxonomy=2"}],"curies":[{"name":"wp","href":"https:\/\/api.w.org\/{rel}","templated":true}]}}]],"wp:meta":[{"code":"rest_invalid_param","message":"Invalid
        parameter(s): context","data":{"status":400,"params":{"context":"context is
        not one of edit."}}}]}},{"id":70,"date":"2016-03-30T00:20:02","date_gmt":"2016-03-30T00:20:02","guid":{"rendered":"http:\/\/localhost:8080\/%post%\/"},"modified":"2016-03-30T00:20:02","modified_gmt":"2016-03-30T00:20:02","slug":"post-68","type":"post","link":"http:\/\/localhost:8080\/%post%\/","title":{"rendered":"Post
        68"},"content":{"rendered":"","protected":false},"excerpt":{"rendered":"","protected":false},"author":0,"featured_media":0,"comment_status":"open","ping_status":"open","sticky":false,"template":"","format":"standard","meta":[],"categories":[1],"tags":[],"custom_taxonomy":[2,3],"_links":{"self":[{"href":"http:\/\/localhost:8080\/wp-json\/wp\/v2\/posts\/70"}],"collection":[{"href":"http:\/\/localhost:8080\/wp-json\/wp\/v2\/posts"}],"about":[{"href":"http:\/\/localhost:8080\/wp-json\/wp\/v2\/types\/post"}],"replies":[{"embeddable":true,"href":"http:\/\/localhost:8080\/wp-json\/wp\/v2\/comments?post=70"}],"version-history":[{"href":"http:\/\/localhost:8080\/wp-json\/wp\/v2\/posts\/70\/revisions"}],"wp:attachment":[{"href":"http:\/\/localhost:8080\/wp-json\/wp\/v2\/media?parent=70"}],"wp:term":[{"taxonomy":"category","embeddable":true,"href":"http:\/\/localhost:8080\/wp-json\/wp\/v2\/categories?post=70"},{"taxonomy":"post_tag","embeddable":true,"href":"http:\/\/localhost:8080\/wp-json\/wp\/v2\/tags?post=70"},{"taxonomy":"custom_taxonomy","embeddable":true,"href":"http:\/\/localhost:8080\/wp-json\/wp\/v2\/custom_taxonomy?post=70"}],"wp:meta":[{"embeddable":true,"href":"http:\/\/localhost:8080\/wp-json\/wp\/v2\/posts\/70\/meta"}],"curies":[{"name":"wp","href":"https:\/\/api.w.org\/{rel}","templated":true}]},"_embedded":{"wp:term":[[{"id":1,"link":"http:\/\/localhost:8080\/category\/uncategorized\/","name":"Uncategorized","slug":"uncategorized","taxonomy":"category","_links":{"self":[{"href":"http:\/\/localhost:8080\/wp-json\/wp\/v2\/categories\/1"}],"collection":[{"href":"http:\/\/localhost:8080\/wp-json\/wp\/v2\/categories"}],"about":[{"href":"http:\/\/localhost:8080\/wp-json\/wp\/v2\/taxonomies\/category"}],"wp:post_type":[{"href":"http:\/\/localhost:8080\/wp-json\/wp\/v2\/posts?categories=1"}],"curies":[{"name":"wp","href":"https:\/\/api.w.org\/{rel}","templated":true}]}}],[],[{"id":2,"link":"http:\/\/localhost:8080\/custom_taxonomy\/term_one\/","name":"term_one","slug":"term_one","taxonomy":"custom_taxonomy","_links":{"self":[{"href":"http:\/\/localhost:8080\/wp-json\/wp\/v2\/custom_taxonomy\/2"}],"collection":[{"href":"http:\/\/localhost:8080\/wp-json\/wp\/v2\/custom_taxonomy"}],"about":[{"href":"http:\/\/localhost:8080\/wp-json\/wp\/v2\/taxonomies\/custom_taxonomy"}],"wp:post_type":[{"href":"http:\/\/localhost:8080\/wp-json\/wp\/v2\/custom_post_type?custom_taxonomy=2"},{"href":"http:\/\/localhost:8080\/wp-json\/wp\/v2\/posts?custom_taxonomy=2"}],"curies":[{"name":"wp","href":"https:\/\/api.w.org\/{rel}","templated":true}]}},{"id":3,"link":"http:\/\/localhost:8080\/custom_taxonomy\/term_two\/","name":"term_two","slug":"term_two","taxonomy":"custom_taxonomy","_links":{"self":[{"href":"http:\/\/localhost:8080\/wp-json\/wp\/v2\/custom_taxonomy\/3"}],"collection":[{"href":"http:\/\/localhost:8080\/wp-json\/wp\/v2\/custom_taxonomy"}],"about":[{"href":"http:\/\/localhost:8080\/wp-json\/wp\/v2\/taxonomies\/custom_taxonomy"}],"wp:post_type":[{"href":"http:\/\/localhost:8080\/wp-json\/wp\/v2\/custom_post_type?custom_taxonomy=3"},{"href":"http:\/\/localhost:8080\/wp-json\/wp\/v2\/posts?custom_taxonomy=3"}],"curies":[{"name":"wp","href":"https:\/\/api.w.org\/{rel}","templated":true}]}}]],"wp:meta":[{"code":"rest_invalid_param","message":"Invalid
        parameter(s): context","data":{"status":400,"params":{"context":"context is
        not one of edit."}}}]}},{"id":80,"date":"2016-03-30T00:20:02","date_gmt":"2016-03-30T00:20:02","guid":{"rendered":"http:\/\/localhost:8080\/%post%\/"},"modified":"2016-03-30T00:20:02","modified_gmt":"2016-03-30T00:20:02","slug":"post-78","type":"post","link":"http:\/\/localhost:8080\/%post%\/","title":{"rendered":"Post
        78"},"content":{"rendered":"","protected":false},"excerpt":{"rendered":"","protected":false},"author":0,"featured_media":0,"comment_status":"open","ping_status":"open","sticky":false,"template":"","format":"standard","meta":[],"categories":[1],"tags":[],"custom_taxonomy":[2],"_links":{"self":[{"href":"http:\/\/localhost:8080\/wp-json\/wp\/v2\/posts\/80"}],"collection":[{"href":"http:\/\/localhost:8080\/wp-json\/wp\/v2\/posts"}],"about":[{"href":"http:\/\/localhost:8080\/wp-json\/wp\/v2\/types\/post"}],"replies":[{"embeddable":true,"href":"http:\/\/localhost:8080\/wp-json\/wp\/v2\/comments?post=80"}],"version-history":[{"href":"http:\/\/localhost:8080\/wp-json\/wp\/v2\/posts\/80\/revisions"}],"wp:attachment":[{"href":"http:\/\/localhost:8080\/wp-json\/wp\/v2\/media?parent=80"}],"wp:term":[{"taxonomy":"category","embeddable":true,"href":"http:\/\/localhost:8080\/wp-json\/wp\/v2\/categories?post=80"},{"taxonomy":"post_tag","embeddable":true,"href":"http:\/\/localhost:8080\/wp-json\/wp\/v2\/tags?post=80"},{"taxonomy":"custom_taxonomy","embeddable":true,"href":"http:\/\/localhost:8080\/wp-json\/wp\/v2\/custom_taxonomy?post=80"}],"wp:meta":[{"embeddable":true,"href":"http:\/\/localhost:8080\/wp-json\/wp\/v2\/posts\/80\/meta"}],"curies":[{"name":"wp","href":"https:\/\/api.w.org\/{rel}","templated":true}]},"_embedded":{"wp:term":[[{"id":1,"link":"http:\/\/localhost:8080\/category\/uncategorized\/","name":"Uncategorized","slug":"uncategorized","taxonomy":"category","_links":{"self":[{"href":"http:\/\/localhost:8080\/wp-json\/wp\/v2\/categories\/1"}],"collection":[{"href":"http:\/\/localhost:8080\/wp-json\/wp\/v2\/categories"}],"about":[{"href":"http:\/\/localhost:8080\/wp-json\/wp\/v2\/taxonomies\/category"}],"wp:post_type":[{"href":"http:\/\/localhost:8080\/wp-json\/wp\/v2\/posts?categories=1"}],"curies":[{"name":"wp","href":"https:\/\/api.w.org\/{rel}","templated":true}]}}],[],[{"id":2,"link":"http:\/\/localhost:8080\/custom_taxonomy\/term_one\/","name":"term_one","slug":"term_one","taxonomy":"custom_taxonomy","_links":{"self":[{"href":"http:\/\/localhost:8080\/wp-json\/wp\/v2\/custom_taxonomy\/2"}],"collection":[{"href":"http:\/\/localhost:8080\/wp-json\/wp\/v2\/custom_taxonomy"}],"about":[{"href":"http:\/\/localhost:8080\/wp-json\/wp\/v2\/taxonomies\/custom_taxonomy"}],"wp:post_type":[{"href":"http:\/\/localhost:8080\/wp-json\/wp\/v2\/custom_post_type?custom_taxonomy=2"},{"href":"http:\/\/localhost:8080\/wp-json\/wp\/v2\/posts?custom_taxonomy=2"}],"curies":[{"name":"wp","href":"https:\/\/api.w.org\/{rel}","templated":true}]}}]],"wp:meta":[{"code":"rest_invalid_param","message":"Invalid
        parameter(s): context","data":{"status":400,"params":{"context":"context is
        not one of edit."}}}]}},{"id":90,"date":"2016-03-30T00:20:02","date_gmt":"2016-03-30T00:20:02","guid":{"rendered":"http:\/\/localhost:8080\/%post%\/"},"modified":"2016-03-30T00:20:02","modified_gmt":"2016-03-30T00:20:02","slug":"post-88","type":"post","link":"http:\/\/localhost:8080\/%post%\/","title":{"rendered":"Post
        88"},"content":{"rendered":"","protected":false},"excerpt":{"rendered":"","protected":false},"author":0,"featured_media":0,"comment_status":"open","ping_status":"open","sticky":false,"template":"","format":"standard","meta":[],"categories":[1],"tags":[],"custom_taxonomy":[2,3],"_links":{"self":[{"href":"http:\/\/localhost:8080\/wp-json\/wp\/v2\/posts\/90"}],"collection":[{"href":"http:\/\/localhost:8080\/wp-json\/wp\/v2\/posts"}],"about":[{"href":"http:\/\/localhost:8080\/wp-json\/wp\/v2\/types\/post"}],"replies":[{"embeddable":true,"href":"http:\/\/localhost:8080\/wp-json\/wp\/v2\/comments?post=90"}],"version-history":[{"href":"http:\/\/localhost:8080\/wp-json\/wp\/v2\/posts\/90\/revisions"}],"wp:attachment":[{"href":"http:\/\/localhost:8080\/wp-json\/wp\/v2\/media?parent=90"}],"wp:term":[{"taxonomy":"category","embeddable":true,"href":"http:\/\/localhost:8080\/wp-json\/wp\/v2\/categories?post=90"},{"taxonomy":"post_tag","embeddable":true,"href":"http:\/\/localhost:8080\/wp-json\/wp\/v2\/tags?post=90"},{"taxonomy":"custom_taxonomy","embeddable":true,"href":"http:\/\/localhost:8080\/wp-json\/wp\/v2\/custom_taxonomy?post=90"}],"wp:meta":[{"embeddable":true,"href":"http:\/\/localhost:8080\/wp-json\/wp\/v2\/posts\/90\/meta"}],"curies":[{"name":"wp","href":"https:\/\/api.w.org\/{rel}","templated":true}]},"_embedded":{"wp:term":[[{"id":1,"link":"http:\/\/localhost:8080\/category\/uncategorized\/","name":"Uncategorized","slug":"uncategorized","taxonomy":"category","_links":{"self":[{"href":"http:\/\/localhost:8080\/wp-json\/wp\/v2\/categories\/1"}],"collection":[{"href":"http:\/\/localhost:8080\/wp-json\/wp\/v2\/categories"}],"about":[{"href":"http:\/\/localhost:8080\/wp-json\/wp\/v2\/taxonomies\/category"}],"wp:post_type":[{"href":"http:\/\/localhost:8080\/wp-json\/wp\/v2\/posts?categories=1"}],"curies":[{"name":"wp","href":"https:\/\/api.w.org\/{rel}","templated":true}]}}],[],[{"id":2,"link":"http:\/\/localhost:8080\/custom_taxonomy\/term_one\/","name":"term_one","slug":"term_one","taxonomy":"custom_taxonomy","_links":{"self":[{"href":"http:\/\/localhost:8080\/wp-json\/wp\/v2\/custom_taxonomy\/2"}],"collection":[{"href":"http:\/\/localhost:8080\/wp-json\/wp\/v2\/custom_taxonomy"}],"about":[{"href":"http:\/\/localhost:8080\/wp-json\/wp\/v2\/taxonomies\/custom_taxonomy"}],"wp:post_type":[{"href":"http:\/\/localhost:8080\/wp-json\/wp\/v2\/custom_post_type?custom_taxonomy=2"},{"href":"http:\/\/localhost:8080\/wp-json\/wp\/v2\/posts?custom_taxonomy=2"}],"curies":[{"name":"wp","href":"https:\/\/api.w.org\/{rel}","templated":true}]}},{"id":3,"link":"http:\/\/localhost:8080\/custom_taxonomy\/term_two\/","name":"term_two","slug":"term_two","taxonomy":"custom_taxonomy","_links":{"self":[{"href":"http:\/\/localhost:8080\/wp-json\/wp\/v2\/custom_taxonomy\/3"}],"collection":[{"href":"http:\/\/localhost:8080\/wp-json\/wp\/v2\/custom_taxonomy"}],"about":[{"href":"http:\/\/localhost:8080\/wp-json\/wp\/v2\/taxonomies\/custom_taxonomy"}],"wp:post_type":[{"href":"http:\/\/localhost:8080\/wp-json\/wp\/v2\/custom_post_type?custom_taxonomy=3"},{"href":"http:\/\/localhost:8080\/wp-json\/wp\/v2\/posts?custom_taxonomy=3"}],"curies":[{"name":"wp","href":"https:\/\/api.w.org\/{rel}","templated":true}]}}]],"wp:meta":[{"code":"rest_invalid_param","message":"Invalid
        parameter(s): context","data":{"status":400,"params":{"context":"context is
        not one of edit."}}}]}},{"id":100,"date":"2016-03-30T00:20:02","date_gmt":"2016-03-30T00:20:02","guid":{"rendered":"http:\/\/localhost:8080\/%post%\/"},"modified":"2016-03-30T00:20:02","modified_gmt":"2016-03-30T00:20:02","slug":"post-98","type":"post","link":"http:\/\/localhost:8080\/%post%\/","title":{"rendered":"Post
        98"},"content":{"rendered":"","protected":false},"excerpt":{"rendered":"","protected":false},"author":0,"featured_media":0,"comment_status":"open","ping_status":"open","sticky":false,"template":"","format":"standard","meta":[],"categories":[1],"tags":[],"custom_taxonomy":[2],"_links":{"self":[{"href":"http:\/\/localhost:8080\/wp-json\/wp\/v2\/posts\/100"}],"collection":[{"href":"http:\/\/localhost:8080\/wp-json\/wp\/v2\/posts"}],"about":[{"href":"http:\/\/localhost:8080\/wp-json\/wp\/v2\/types\/post"}],"replies":[{"embeddable":true,"href":"http:\/\/localhost:8080\/wp-json\/wp\/v2\/comments?post=100"}],"version-history":[{"href":"http:\/\/localhost:8080\/wp-json\/wp\/v2\/posts\/100\/revisions"}],"wp:attachment":[{"href":"http:\/\/localhost:8080\/wp-json\/wp\/v2\/media?parent=100"}],"wp:term":[{"taxonomy":"category","embeddable":true,"href":"http:\/\/localhost:8080\/wp-json\/wp\/v2\/categories?post=100"},{"taxonomy":"post_tag","embeddable":true,"href":"http:\/\/localhost:8080\/wp-json\/wp\/v2\/tags?post=100"},{"taxonomy":"custom_taxonomy","embeddable":true,"href":"http:\/\/localhost:8080\/wp-json\/wp\/v2\/custom_taxonomy?post=100"}],"wp:meta":[{"embeddable":true,"href":"http:\/\/localhost:8080\/wp-json\/wp\/v2\/posts\/100\/meta"}],"curies":[{"name":"wp","href":"https:\/\/api.w.org\/{rel}","templated":true}]},"_embedded":{"wp:term":[[{"id":1,"link":"http:\/\/localhost:8080\/category\/uncategorized\/","name":"Uncategorized","slug":"uncategorized","taxonomy":"category","_links":{"self":[{"href":"http:\/\/localhost:8080\/wp-json\/wp\/v2\/categories\/1"}],"collection":[{"href":"http:\/\/localhost:8080\/wp-json\/wp\/v2\/categories"}],"about":[{"href":"http:\/\/localhost:8080\/wp-json\/wp\/v2\/taxonomies\/category"}],"wp:post_type":[{"href":"http:\/\/localhost:8080\/wp-json\/wp\/v2\/posts?categories=1"}],"curies":[{"name":"wp","href":"https:\/\/api.w.org\/{rel}","templated":true}]}}],[],[{"id":2,"link":"http:\/\/localhost:8080\/custom_taxonomy\/term_one\/","name":"term_one","slug":"term_one","taxonomy":"custom_taxonomy","_links":{"self":[{"href":"http:\/\/localhost:8080\/wp-json\/wp\/v2\/custom_taxonomy\/2"}],"collection":[{"href":"http:\/\/localhost:8080\/wp-json\/wp\/v2\/custom_taxonomy"}],"about":[{"href":"http:\/\/localhost:8080\/wp-json\/wp\/v2\/taxonomies\/custom_taxonomy"}],"wp:post_type":[{"href":"http:\/\/localhost:8080\/wp-json\/wp\/v2\/custom_post_type?custom_taxonomy=2"},{"href":"http:\/\/localhost:8080\/wp-json\/wp\/v2\/posts?custom_taxonomy=2"}],"curies":[{"name":"wp","href":"https:\/\/api.w.org\/{rel}","templated":true}]}}]],"wp:meta":[{"code":"rest_invalid_param","message":"Invalid
        parameter(s): context","data":{"status":400,"params":{"context":"context is
        not one of edit."}}}]}}]'
    http_version: 
  recorded_at: Mon, 20 Feb 2017 22:16:47 GMT
recorded_with: VCR 3.0.3
